Microchip MPLAB XC8 Compiler V1.33 ()

Linker command line:

-W-3 --edf=I:\Programas\Microchip\xc8\v1.33\dat\en_msgs.txt -cs \
  -h+dist/default/production\pic_usb.production.sym \
  --cmf=dist/default/production\pic_usb.production.cmf -z -Q18F4550 \
  -oC:\Users\Leandro\AppData\Local\Temp\sg88.6 \
  -Mdist/default/production/pic_usb.production.map -E1 -ver=XC8 \
  -ASTACK=03C8h-07ffh -pstack=STACK -ACODE=00h-07FFFh -ACONST=00h-07FFFh \
  -ASMALLCONST=0800h-08FFhx120 -AMEDIUMCONST=0800h-07FFFh -ACOMRAM=01h-05Fh \
  -AABS1=00h-07FFh -ABIGRAM=01h-07FFh -ARAM=060h-0FFh,0100h-01FFhx7 \
  -ABANK0=060h-0FFh -ABANK1=0100h-01FFh -ABANK2=0200h-02FFh \
  -ABANK3=0300h-03FFh -ABANK4=0400h-04FFh -ABANK5=0500h-05FFh \
  -ABANK6=0600h-06FFh -ABANK7=0700h-07FFh -ASFR=0F60h-0FFFh \
  -preset_vec=00h,intcode=08h,intcodelo,powerup,init,end_init \
  -pramtop=0800h -psmallconst=SMALLCONST -pmediumconst=MEDIUMCONST \
  -pconst=CONST -AFARRAM=00h-00h -ACONFIG=0300000h-030000Dh -pconfig=CONFIG \
  -AIDLOC=0200000h-0200007h -pidloc=IDLOC -AEEDATA=0F00000h-0F000FFh \
  -peeprom_data=EEDATA \
  -prdata=COMRAM,nvrram=COMRAM,nvbit=COMRAM,rbss=COMRAM,rbit=COMRAM \
  -pfarbss=FARRAM,fardata=FARRAM,nvFARRAM=FARRAM \
  -pintsave_regs=BIGRAM,bigbss=BIGRAM,bigdata=BIGRAM -pbss=RAM \
  -pidata=CODE,irdata=CODE,ibigdata=CODE,ifardata=CODE \
  C:\Users\Leandro\AppData\Local\Temp\sg88.obj \
  dist/default/production\pic_usb.production.obj 

Object code version is 3.11

Machine type is 18F4550

Call graph: (short form)




                Name                               Link     Load   Length Selector   Space Scale
C:\Users\Leandro\AppData\Local\Temp\sg88.obj
                end_init                             18       18        4        4       0
                reset_vec                             0        0        4        0       0
                idloc                            200000   200000        8   200000       0
                config                           300000   300000        E   300000       0
dist/default/production\pic_usb.production.obj
                intcode                               8        8       10        4       0
                smallconst                          800      800       40      400       0
                text22                             1466     1466       1E      420       0
                text21                             1400     1400       26      420       0
                text20                             1446     1446       20      420       0
                text19                              D10      D10       CA      420       0
                text18                             13BE     13BE       42      420       0
                text17                             1324     1324       52      420       0
                text16                              E9C      E9C       A4      420       0
                text15                             12CA     12CA       5A      420       0
                text14                             1498     1498       12      420       0
                text13                             126E     126E       5C      420       0
                text12                             1210     1210       5E      420       0
                intcode_body                        840      840      2B2      420       0
                text10                             1484     1484       14      420       0
                text9                               FD2      FD2       80      420       0
                text8                              1376     1376       48      420       0
                text7                               DDA      DDA       C2      420       0
                text6                              1426     1426       20      420       0
                text5                               C20      C20       F0      420       0
                text4                              1052     1052       78      420       0
                text3                              113E     113E       74      420       0
                text2                              10CA     10CA       74      420       0
                text1                               F40      F40       92      420       0
                text0                               AF2      AF2      12E      420       0
                cstackCOMRAM                          1        1       2A        1       1
                cstackBANK0                          60       60       13       60       1
                bssBANK3                            300      300       C8      300       1
                bssBANK2                            200      200       C8      200       1
                bssBANK1                            100      100       C8      100       1
                dataBANK0                            83       83        2       60       1
                bssBANK0                             73       73       10       60       1
                bssCOMRAM                            2B       2B       22        1       1
                cinit                              11B2     11B2       5E      420       0
                idataBANK0                         14AA     14AA        2      420       0

TOTAL           Name                               Link     Load   Length     Space
        CLASS   STACK          

        CLASS   CODE           
                end_init                             18       18        4         0
                intcode                               8        8       10         0
                reset_vec                             0        0        4         0
                text22                             1466     1466       1E         0
                text21                             1400     1400       26         0
                text20                             1446     1446       20         0
                text19                              D10      D10       CA         0
                text18                             13BE     13BE       42         0
                text17                             1324     1324       52         0
                text16                              E9C      E9C       A4         0
                text15                             12CA     12CA       5A         0
                text14                             1498     1498       12         0
                text13                             126E     126E       5C         0
                text12                             1210     1210       5E         0
                intcode_body                        840      840      2B2         0
                text10                             1484     1484       14         0
                text9                               FD2      FD2       80         0
                text8                              1376     1376       48         0
                text7                               DDA      DDA       C2         0
                text6                              1426     1426       20         0
                text5                               C20      C20       F0         0
                text4                              1052     1052       78         0
                text3                              113E     113E       74         0
                text2                              10CA     10CA       74         0
                text1                               F40      F40       92         0
                text0                               AF2      AF2      12E         0
                cinit                              11B2     11B2       5E         0
                idataBANK0                         14AA     14AA        2         0

        CLASS   CONST          

        CLASS   SMALLCONST     
                smallconst                          800      800       40         0

        CLASS   MEDIUMCONST    

        CLASS   COMRAM         
                cstackCOMRAM                          1        1       2A         1
                bssCOMRAM                            2B       2B       22         1

        CLASS   ABS1           

        CLASS   BIGRAM         

        CLASS   RAM            

        CLASS   BANK0          
                cstackBANK0                          60       60       13         1
                dataBANK0                            83       83        2         1
                bssBANK0                             73       73       10         1

        CLASS   BANK1          
                bssBANK1                            100      100       C8         1

        CLASS   BANK2          
                bssBANK2                            200      200       C8         1

        CLASS   BANK3          
                bssBANK3                            300      300       C8         1

        CLASS   BANK4          

        CLASS   BANK5          

        CLASS   BANK6          

        CLASS   BANK7          

        CLASS   SFR            

        CLASS   FARRAM         

        CLASS   CONFIG         
                config                           300000   300000        E         0

        CLASS   IDLOC          
                idloc                            200000   200000        8         0

        CLASS   EEDATA         



SEGMENTS        Name                           Load    Length   Top    Selector   Space  Class

                reset_vec                      000000  000004  000004         0       0  CODE    
                cstackCOMRAM                   000001  00004C  00004D         1       1  COMRAM  
                intcode                        000008  000014  00001C         4       0  CODE    
                cstackBANK0                    000060  000025  000085        60       1  BANK0   
                bssBANK1                       000100  0000C8  0001C8       100       1  BANK1   
                bssBANK2                       000200  0000C8  0002C8       200       1  BANK2   
                bssBANK3                       000300  0000C8  0003C8       300       1  BANK3   
                smallconst                     000800  000040  000840       400       0  SMALLCON
                intcode_body                   000840  000C6C  0014AC       420       0  CODE    
                idloc                          200000  000008  200008    200000       0  IDLOC   
                config                         300000  00000E  30000E    300000       0  CONFIG  


UNUSED ADDRESS RANGES

        Name                Unused          Largest block    Delta
        BANK0            000085-0000FF               7B
        BANK1            0001C8-0001FF               38
        BANK2            0002C8-0002FF               38
        BANK3            0003C8-0003FF               38
        BANK4            000400-0004FF              100
        BANK5            000500-0005FF              100
        BANK6            000600-0006FF              100
        BANK7            000700-0007FF              100
        BIGRAM           00004D-00005F               13
                         000085-0000FF               7B
                         0001C8-0001FF               38
                         0002C8-0002FF               38
                         0003C8-0007FF              438
        CODE             000004-000007                4
                         00001C-0007FF              7E4
                         0014AC-007FFF             6B54
        COMRAM           00004D-00005F               13
        CONST            000004-000007                4
                         00001C-0007FF              7E4
                         0014AC-007FFF             6B54
        EEDATA           F00000-F000FF              100
        MEDIUMCONST      0014AC-007FFF             6B54
        RAM              000085-0000FF               7B
                         0001C8-0001FF               38
                         0002C8-0002FF               38
                         0003C8-0007FF              100
        SFR              000F60-000FFF               A0
        SMALLCONST       0014AC-007FFF              100
        STACK            0003C8-0007FF              438

                                  Symbol Table

?___lwdiv                  cstackBANK0  000060
?___lwmod                  cstackCOMRAM 000001
?___wmul                   cstackCOMRAM 000001
?_atoi                     cstackCOMRAM 000007
?_itoa                     cstackCOMRAM 000011
?i2___lwdiv                cstackCOMRAM 000001
OpenPWM1@period            cstackBANK0  000060
OpenUSART@config           cstackBANK0  000065
OpenUSART@spbrg            cstackBANK0  000060
ReadUSART@data             cstackCOMRAM 000001
SetDCPWM1@DCycle           cstackBANK0  000064
SetDCPWM1@dutycycle        cstackBANK0  000060
WriteUSART@data            cstackCOMRAM 000001
_CCP1CON                   (abs)        000FBD
_CCPR1L                    (abs)        000FBE
_DC_str                    bssCOMRAM    000048
_DutyCycle                 dataBANK0    000083
_INTCONbits                (abs)        000FF2
_ISR                       intcode      000008
_LATDbits                  (abs)        000F8C
_LCD_ROW_ADDRESS           smallconst   000801
_MessageBuffer             bssBANK1     000100
_OpenPWM1                  text10       001484
_OpenUSART                 text9        000FD2
_PEIE                      (abs)        007F96
_PIE1                      (abs)        000F9D
_PIE1bits                  (abs)        000F9D
_PIR1bits                  (abs)        000F9E
_PR2                       (abs)        000FCB
_RCIE                      (abs)        007CED
_RCIF                      (abs)        007CF5
_RCIP                      (abs)        007CFD
_RCREG                     (abs)        000FAE
_RCSTA                     (abs)        000FAB
_RCSTAbits                 (abs)        000FAB
_ReadUSART                 text22       001466
_SPBRG                     (abs)        000FAF
_SPBRGH                    (abs)        000FB0
_SetDCPWM1                 text8        001376
_T2CON                     (abs)        000FCA
_T2CONbits                 (abs)        000FCA
_TRISC                     (abs)        000F94
_TRISCbits                 (abs)        000F94
_TRISD                     (abs)        000F95
_TXREG                     (abs)        000FAD
_TXSTA                     (abs)        000FAC
_TXSTAbits                 (abs)        000FAC
_USART_Status              bssCOMRAM    000043
_WriteUSART                text14       001498
__CFG_FOSC$HS              (abs)        000000
__CFG_LVP$OFF              (abs)        000000
__CFG_MCLRE$ON             (abs)        000000
__CFG_WDT$OFF              (abs)        000000
__HRAM                     (abs)        000000
__Habs1                    abs1         000000
__Hbank0                   bank0        000000
__Hbank1                   bank1        000000
__Hbank2                   bank2        000000
__Hbank3                   bank3        000000
__Hbank4                   bank4        000000
__Hbank5                   bank5        000000
__Hbank6                   bank6        000000
__Hbank7                   bank7        000000
__Hbigbss                  bigbss       000000
__Hbigdata                 bigdata      000000
__Hbigram                  bigram       000000
__Hbss                     bss          000000
__HbssBANK0                bssBANK0     000000
__HbssBANK1                bssBANK1     000000
__HbssBANK2                bssBANK2     000000
__HbssBANK3                bssBANK3     000000
__HbssCOMRAM               bssCOMRAM    000000
__Hcinit                   cinit        000000
__Hclrtext                 clrtext      000000
__Hcomram                  comram       000000
__Hconfig                  config       30000E
__Hconst                   const        000000
__HcstackBANK0             cstackBANK0  000000
__HcstackCOMRAM            cstackCOMRAM 000000
__Hdata                    data         000000
__HdataBANK0               dataBANK0    000000
__Heeprom_data             eeprom_data  000000
__Hend_init                end_init     00001C
__Hfarbss                  farbss       000000
__Hfardata                 fardata      000000
__Hibigdata                ibigdata     000000
__Hidata                   idata        000000
__HidataBANK0              idataBANK0   000000
__Hidloc                   idloc        200008
__Hifardata                ifardata     000000
__Hinit                    init         000018
__Hintcode                 intcode      000018
__Hintcode_body            intcode_body 000000
__Hintcodelo               intcodelo    000018
__Hintentry                intentry     000000
__Hintret                  intret       000000
__Hintsave_regs            intsave_regs 000000
__Hirdata                  irdata       000000
__Hmediumconst             mediumconst  000000
__HnvFARRAM                nvFARRAM     000000
__Hnvbit                   nvbit        000000
__Hnvrram                  nvrram       000000
__Hparam                   rparam       000000
__Hpowerup                 powerup      000018
__Hram                     ram          000000
__Hramtop                  ramtop       000800
__Hrbit                    rbit         000000
__Hrbss                    rbss         000000
__Hrdata                   rdata        000000
__Hreset_vec               reset_vec    000004
__Hrparam                  rparam       000000
__Hsfr                     sfr          000000
__Hsmallconst              smallconst   000840
__Hspace_0                 (abs)        30000E
__Hspace_1                 (abs)        0003C8
__Hspace_2                 (abs)        000000
__Hstack                   stack        000000
__Hstruct                  struct       000000
__Htemp                    temp         000000
__Htext                    text         000000
__Htext0                   text0        000000
__Htext1                   text1        000000
__Htext10                  text10       000000
__Htext12                  text12       000000
__Htext13                  text13       000000
__Htext14                  text14       000000
__Htext15                  text15       000000
__Htext16                  text16       000000
__Htext17                  text17       000000
__Htext18                  text18       000000
__Htext19                  text19       000000
__Htext2                   text2        000000
__Htext20                  text20       000000
__Htext21                  text21       000000
__Htext22                  text22       000000
__Htext3                   text3        000000
__Htext4                   text4        000000
__Htext5                   text5        000000
__Htext6                   text6        000000
__Htext7                   text7        000000
__Htext8                   text8        000000
__Htext9                   text9        000000
__LRAM                     (abs)        000001
__Labs1                    abs1         000000
__Lbank0                   bank0        000000
__Lbank1                   bank1        000000
__Lbank2                   bank2        000000
__Lbank3                   bank3        000000
__Lbank4                   bank4        000000
__Lbank5                   bank5        000000
__Lbank6                   bank6        000000
__Lbank7                   bank7        000000
__Lbigbss                  bigbss       000000
__Lbigdata                 bigdata      000000
__Lbigram                  bigram       000000
__Lbss                     bss          000000
__LbssBANK0                bssBANK0     000000
__LbssBANK1                bssBANK1     000000
__LbssBANK2                bssBANK2     000000
__LbssBANK3                bssBANK3     000000
__LbssCOMRAM               bssCOMRAM    000000
__Lcinit                   cinit        000000
__Lclrtext                 clrtext      000000
__Lcomram                  comram       000000
__Lconfig                  config       300000
__Lconst                   const        000000
__LcstackBANK0             cstackBANK0  000000
__LcstackCOMRAM            cstackCOMRAM 000000
__Ldata                    data         000000
__LdataBANK0               dataBANK0    000000
__Leeprom_data             eeprom_data  000000
__Lend_init                end_init     000018
__Lfarbss                  farbss       000000
__Lfardata                 fardata      000000
__Libigdata                ibigdata     000000
__Lidata                   idata        000000
__LidataBANK0              idataBANK0   000000
__Lidloc                   idloc        200000
__Lifardata                ifardata     000000
__Linit                    init         000018
__Lintcode                 intcode      000008
__Lintcode_body            intcode_body 000000
__Lintcodelo               intcodelo    000018
__Lintentry                intentry     000000
__Lintret                  intret       000000
__Lintsave_regs            intsave_regs 000000
__Lirdata                  irdata       000000
__Lmediumconst             mediumconst  000000
__LnvFARRAM                nvFARRAM     000000
__Lnvbit                   nvbit        000000
__Lnvrram                  nvrram       000000
__Lparam                   rparam       000000
__Lpowerup                 powerup      000018
__Lram                     ram          000000
__Lramtop                  ramtop       000800
__Lrbit                    rbit         000000
__Lrbss                    rbss         000000
__Lrdata                   rdata        000000
__Lreset_vec               reset_vec    000000
__Lrparam                  rparam       000000
__Lsfr                     sfr          000000
__Lsmallconst              smallconst   000800
__Lspace_0                 (abs)        000000
__Lspace_1                 (abs)        000000
__Lspace_2                 (abs)        000000
__Lstack                   stack        000000
__Lstruct                  struct       000000
__Ltemp                    temp         000000
__Ltext                    text         000000
__Ltext0                   text0        000000
__Ltext1                   text1        000000
__Ltext10                  text10       000000
__Ltext12                  text12       000000
__Ltext13                  text13       000000
__Ltext14                  text14       000000
__Ltext15                  text15       000000
__Ltext16                  text16       000000
__Ltext17                  text17       000000
__Ltext18                  text18       000000
__Ltext19                  text19       000000
__Ltext2                   text2        000000
__Ltext20                  text20       000000
__Ltext21                  text21       000000
__Ltext22                  text22       000000
__Ltext3                   text3        000000
__Ltext4                   text4        000000
__Ltext5                   text5        000000
__Ltext6                   text6        000000
__Ltext7                   text7        000000
__Ltext8                   text8        000000
__Ltext9                   text9        000000
__S0                       (abs)        30000E
__S1                       (abs)        0003C8
__S2                       (abs)        000000
___inthi_sp                stack        000000
___intlo_sp                stack        000000
___lwdiv                   text4        001052
___lwdiv@counter           cstackBANK0  000064
___lwdiv@dividend          cstackBANK0  000060
___lwdiv@divisor           cstackBANK0  000062
___lwdiv@quotient          cstackBANK0  000065
___lwmod                   text18       0013BE
___lwmod@counter           cstackCOMRAM 000005
___lwmod@dividend          cstackCOMRAM 000001
___lwmod@divisor           cstackCOMRAM 000003
___sp                      stack        000000
___wmul                    text21       001400
___wmul@multiplicand       cstackCOMRAM 000003
___wmul@multiplier         cstackCOMRAM 000001
___wmul@product            cstackCOMRAM 000005
__accesstop                (abs)        000060
__activetblptr             (abs)        000002
__end_of_ISR               intcode_body 000AF2
__end_of_LCD_ROW_ADDRESS   smallconst   000805
__end_of_OpenPWM1          text10       001498
__end_of_OpenUSART         text9        001052
__end_of_ReadUSART         text22       001484
__end_of_SetDCPWM1         text8        0013BE
__end_of_WriteUSART        text14       0014AA
__end_of___lwdiv           text4        0010CA
__end_of___lwmod           text18       001400
__end_of___wmul            text21       001426
__end_of__initialization   cinit        001206
__end_of__stringdata       smallconst   00083E
__end_of_atoi              text19       000DDA
__end_of_isdigit           text20       001466
__end_of_itoa              text15       001324
__end_of_lcd_gotoxy        text3        0011B2
__end_of_lcd_init          text5        000D10
__end_of_lcd_putnum        text2        00113E
__end_of_lcd_puts          text1        000FD2
__end_of_lcd_write_byte    text6        001446
__end_of_lcd_write_nibble  text7        000E9C
__end_of_main              text0        000C20
__end_of_putsUSART         text13       0012CA
__end_of_strncpy           text12       00126E
__end_of_utoa              text16       000F40
__end_ofi2___lwdiv         text17       001376
__initialization           cinit        0011B2
__mediumconst              mediumconst  000000
__pbssBANK0                bssBANK0     000073
__pbssBANK1                bssBANK1     000100
__pbssBANK2                bssBANK2     000200
__pbssBANK3                bssBANK3     000300
__pbssCOMRAM               bssCOMRAM    00002B
__pcinit                   cinit        0011B2
__pcstackBANK0             cstackBANK0  000060
__pcstackCOMRAM            cstackCOMRAM 000001
__pdataBANK0               dataBANK0    000083
__pidataBANK0              idataBANK0   0014AA
__pintcode                 intcode      000008
__pintcode_body            intcode_body 000840
__psmallconst              smallconst   000800
__ptext0                   text0        000AF2
__ptext1                   text1        000F40
__ptext10                  text10       001484
__ptext12                  text12       001210
__ptext13                  text13       00126E
__ptext14                  text14       001498
__ptext15                  text15       0012CA
__ptext16                  text16       000E9C
__ptext17                  text17       001324
__ptext18                  text18       0013BE
__ptext19                  text19       000D10
__ptext2                   text2        0010CA
__ptext20                  text20       001446
__ptext21                  text21       001400
__ptext22                  text22       001466
__ptext3                   text3        00113E
__ptext4                   text4        001052
__ptext5                   text5        000C20
__ptext6                   text6        001426
__ptext7                   text7        000DDA
__ptext8                   text8        001376
__ptext9                   text9        000FD2
__ramtop                   ramtop       000800
__size_of_ISR              (abs)        000000
__size_of_OpenPWM1         (abs)        000000
__size_of_OpenUSART        (abs)        000000
__size_of_ReadUSART        (abs)        000000
__size_of_SetDCPWM1        (abs)        000000
__size_of_WriteUSART       (abs)        000000
__size_of___lwdiv          (abs)        000000
__size_of___lwmod          (abs)        000000
__size_of___wmul           (abs)        000000
__size_of_atoi             (abs)        000000
__size_of_isdigit          (abs)        000000
__size_of_itoa             (abs)        000000
__size_of_lcd_gotoxy       (abs)        000000
__size_of_lcd_init         (abs)        000000
__size_of_lcd_putnum       (abs)        000000
__size_of_lcd_puts         (abs)        000000
__size_of_lcd_write_byte   (abs)        000000
__size_of_lcd_write_nibble (abs)        000000
__size_of_main             (abs)        000000
__size_of_putsUSART        (abs)        000000
__size_of_strncpy          (abs)        000000
__size_of_utoa             (abs)        000000
__size_ofi2___lwdiv        (abs)        000000
__smallconst               smallconst   000800
__stringdata               smallconst   000805
_atoi                      text19       000D10
_c                         bssCOMRAM    000044
_cantidadLetrasDOWN        bssCOMRAM    00003B
_cantidadLetrasUP          bssCOMRAM    00003D
_flag_newline              bssCOMRAM    000045
_i                         bssCOMRAM    00003F
_isdigit                   text20       001446
_isdigit$1328              cstackCOMRAM 000002
_itoa                      text15       0012CA
_k                         bssCOMRAM    000041
_lcd_gotoxy                text3        00113E
_lcd_init                  text5        000C20
_lcd_lower_display_buffer  bssCOMRAM    00002B
_lcd_lower_row_buffer      bssBANK3     000300
_lcd_putnum                text2        0010CA
_lcd_puts                  text1        000F40
_lcd_upper_display_buffer  bssBANK0     000073
_lcd_upper_row_buffer      bssBANK2     000200
_lcd_write_byte            text6        001426
_lcd_write_nibble          text7        000DDA
_lcd_x                     bssCOMRAM    000046
_lcd_y                     bssCOMRAM    000047
_main                      text0        000AF2
_putsUSART                 text13       00126E
_strncpy                   text12       001210
_utoa                      text16       000E9C
atoi@a                     cstackCOMRAM 00000C
atoi@s                     cstackCOMRAM 000007
atoi@sign                  cstackCOMRAM 00000B
end_of_initialization      cinit        001206
i2___lwdiv                 text17       001324
i2___lwdiv@counter         cstackCOMRAM 000007
i2___lwdiv@dividend        cstackCOMRAM 000001
i2___lwdiv@divisor         cstackCOMRAM 000003
i2___lwdiv@quotient        cstackCOMRAM 000005
int_func                   intcode_body 000840
intlevel0                  text         000000
intlevel1                  text         000000
intlevel2                  text         000000
intlevel3                  text         000000
isdigit@c                  cstackCOMRAM 000003
itoa@base                  cstackCOMRAM 000015
itoa@buf                   cstackCOMRAM 000011
itoa@cp                    cstackCOMRAM 000017
itoa@val                   cstackCOMRAM 000013
lcd_gotoxy@addr            cstackBANK0  000066
lcd_gotoxy@x               cstackBANK0  000067
lcd_gotoxy@y               cstackBANK0  000065
lcd_putnum@dec             cstackBANK0  00006D
lcd_putnum@len             cstackBANK0  00006A
lcd_putnum@num             cstackBANK0  000068
lcd_putnum@r               cstackBANK0  00006E
lcd_putnum@x               cstackBANK0  00006B
lcd_putnum@y               cstackBANK0  00006C
lcd_puts@str               cstackBANK0  000068
lcd_write_byte@byte        cstackBANK0  000064
lcd_write_byte@is_data     cstackBANK0  000063
lcd_write_nibble@is_data   cstackBANK0  000060
lcd_write_nibble@nibble    cstackBANK0  000062
main@config                cstackBANK0  000071
main@spbrg                 cstackBANK0  000072
putsUSART@data             cstackCOMRAM 000019
stackhi                    (abs)        0007FF
stacklo                    (abs)        0003C8
start                      init         000018
start_initialization       cinit        0011B2
strncpy@cp                 cstackCOMRAM 000007
strncpy@from               cstackCOMRAM 000003
strncpy@size               cstackCOMRAM 000005
strncpy@to                 cstackCOMRAM 000001
utoa@base                  cstackCOMRAM 00000C
utoa@buf                   cstackCOMRAM 000008
utoa@c                     cstackCOMRAM 000010
utoa@v                     cstackCOMRAM 00000E
utoa@val                   cstackCOMRAM 00000A


FUNCTION INFORMATION:

 *************** function _main *****************
 Defined at:
		line 46 in file "main.c"
 Parameters:    Size  Location     Type
		None
 Auto vars:     Size  Location     Type
  spbrg           1   18[BANK0 ] unsigned char 
  config          1   17[BANK0 ] unsigned char 
 Return value:  Size  Location     Type
		None               void
 Registers used:
		wreg, status,2, status,0, tblptrl, tblptrh, tblptru, prodl, prodh, cstack
 Tracked objects:
		On entry : 
		On exit  : 
		Unchanged: 
 Data sizes:     COMRAM   BANK0   BANK1   BANK2   BANK3   BANK4   BANK5   BANK6   BANK7
      Params:         0       0       0       0       0       0       0       0       0
      Locals:         0       2       0       0       0       0       0       0       0
      Temps:          0       1       0       0       0       0       0       0       0
      Totals:         0       3       0       0       0       0       0       0       0
Total ram usage:        3 bytes
 Hardware stack levels required when called:    8
 This function calls:
		_OpenPWM1
		_OpenUSART
		_SetDCPWM1
		_lcd_gotoxy
		_lcd_init
		_lcd_putnum
		_lcd_puts
		_lcd_write_byte
 This function is called by:
		Startup code after reset
 This function uses a non-reentrant model


 *************** function _lcd_puts *****************
 Defined at:
		line 108 in file "lcd_driver.c"
 Parameters:    Size  Location     Type
  str             2    8[BANK0 ] PTR unsigned char 
		 -> STR_1(13), 
 Auto vars:     Size  Location     Type
		None
 Return value:  Size  Location     Type
		None               void
 Registers used:
		wreg, status,2, status,0, tblptrl, tblptrh, tblptru, prodl, prodh, cstack
 Tracked objects:
		On entry : 
		On exit  : 
		Unchanged: 
 Data sizes:     COMRAM   BANK0   BANK1   BANK2   BANK3   BANK4   BANK5   BANK6   BANK7
      Params:         0       2       0       0       0       0       0       0       0
      Locals:         0       0       0       0       0       0       0       0       0
      Temps:          0       0       0       0       0       0       0       0       0
      Totals:         0       2       0       0       0       0       0       0       0
Total ram usage:        2 bytes
 Hardware stack levels used:    1
 Hardware stack levels required when called:    7
 This function calls:
		_lcd_gotoxy
		_lcd_write_byte
 This function is called by:
		_main
 This function uses a non-reentrant model


 *************** function _lcd_putnum *****************
 Defined at:
		line 87 in file "lcd_driver.c"
 Parameters:    Size  Location     Type
  num             2    8[BANK0 ] unsigned int 
  len             1   10[BANK0 ] unsigned char 
  x               1   11[BANK0 ] unsigned char 
  y               1   12[BANK0 ] unsigned char 
 Auto vars:     Size  Location     Type
  r               2   14[BANK0 ] unsigned int 
  dec             1   13[BANK0 ] unsigned char 
 Return value:  Size  Location     Type
		None               void
 Registers used:
		wreg, status,2, status,0, tblptrl, tblptrh, tblptru, prodl, prodh, cstack
 Tracked objects:
		On entry : 
		On exit  : 
		Unchanged: 
 Data sizes:     COMRAM   BANK0   BANK1   BANK2   BANK3   BANK4   BANK5   BANK6   BANK7
      Params:         0       5       0       0       0       0       0       0       0
      Locals:         0       3       0       0       0       0       0       0       0
      Temps:          0       0       0       0       0       0       0       0       0
      Totals:         0       8       0       0       0       0       0       0       0
Total ram usage:        8 bytes
 Hardware stack levels used:    1
 Hardware stack levels required when called:    7
 This function calls:
		___lwdiv
		_lcd_gotoxy
		_lcd_write_byte
 This function is called by:
		_main
 This function uses a non-reentrant model


 *************** function _lcd_gotoxy *****************
 Defined at:
		line 54 in file "lcd_driver.c"
 Parameters:    Size  Location     Type
  x               1    wreg     unsigned char 
  y               1    5[BANK0 ] unsigned char 
 Auto vars:     Size  Location     Type
  x               1    7[BANK0 ] unsigned char 
  addr            1    6[BANK0 ] unsigned char 
 Return value:  Size  Location     Type
		None               void
 Registers used:
		wreg, status,2, status,0, tblptrl, tblptrh, tblptru, prodl, prodh, cstack
 Tracked objects:
		On entry : 
		On exit  : 
		Unchanged: 
 Data sizes:     COMRAM   BANK0   BANK1   BANK2   BANK3   BANK4   BANK5   BANK6   BANK7
      Params:         0       1       0       0       0       0       0       0       0
      Locals:         0       2       0       0       0       0       0       0       0
      Temps:          0       0       0       0       0       0       0       0       0
      Totals:         0       3       0       0       0       0       0       0       0
Total ram usage:        3 bytes
 Hardware stack levels used:    1
 Hardware stack levels required when called:    6
 This function calls:
		_lcd_write_byte
 This function is called by:
		_main
		_lcd_putnum
		_lcd_puts
		_lcd_put_blank
		_lcd_puts_const
 This function uses a non-reentrant model


 *************** function ___lwdiv *****************
 Defined at:
		line 8 in file "I:\Programas\Microchip\xc8\v1.33\sources\common\lwdiv.c"
 Parameters:    Size  Location     Type
  dividend        2    0[BANK0 ] unsigned int 
  divisor         2    2[BANK0 ] unsigned int 
 Auto vars:     Size  Location     Type
  quotient        2    5[BANK0 ] unsigned int 
  counter         1    4[BANK0 ] unsigned char 
 Return value:  Size  Location     Type
                  2    0[BANK0 ] unsigned int 
 Registers used:
		wreg, status,2, status,0
 Tracked objects:
		On entry : 
		On exit  : 
		Unchanged: 
 Data sizes:     COMRAM   BANK0   BANK1   BANK2   BANK3   BANK4   BANK5   BANK6   BANK7
      Params:         0       4       0       0       0       0       0       0       0
      Locals:         0       3       0       0       0       0       0       0       0
      Temps:          0       0       0       0       0       0       0       0       0
      Totals:         0       7       0       0       0       0       0       0       0
Total ram usage:        7 bytes
 Hardware stack levels used:    1
 Hardware stack levels required when called:    4
 This function calls:
		Nothing
 This function is called by:
		_lcd_putnum
 This function uses a non-reentrant model


 *************** function _lcd_init *****************
 Defined at:
		line 11 in file "lcd_driver.c"
 Parameters:    Size  Location     Type
		None
 Auto vars:     Size  Location     Type
		None
 Return value:  Size  Location     Type
		None               void
 Registers used:
		wreg, status,2, status,0, cstack
 Tracked objects:
		On entry : 
		On exit  : 
		Unchanged: 
 Data sizes:     COMRAM   BANK0   BANK1   BANK2   BANK3   BANK4   BANK5   BANK6   BANK7
      Params:         0       0       0       0       0       0       0       0       0
      Locals:         0       0       0       0       0       0       0       0       0
      Temps:          0       1       0       0       0       0       0       0       0
      Totals:         0       1       0       0       0       0       0       0       0
Total ram usage:        1 bytes
 Hardware stack levels used:    1
 Hardware stack levels required when called:    6
 This function calls:
		_lcd_write_byte
		_lcd_write_nibble
 This function is called by:
		_main
 This function uses a non-reentrant model


 *************** function _lcd_write_byte *****************
 Defined at:
		line 185 in file "lcd_driver.c"
 Parameters:    Size  Location     Type
  byte            1    wreg     unsigned char 
  is_data         1    3[BANK0 ] unsigned char 
 Auto vars:     Size  Location     Type
  byte            1    4[BANK0 ] unsigned char 
 Return value:  Size  Location     Type
		None               void
 Registers used:
		wreg, status,2, status,0, cstack
 Tracked objects:
		On entry : 
		On exit  : 
		Unchanged: 
 Data sizes:     COMRAM   BANK0   BANK1   BANK2   BANK3   BANK4   BANK5   BANK6   BANK7
      Params:         0       1       0       0       0       0       0       0       0
      Locals:         0       1       0       0       0       0       0       0       0
      Temps:          0       0       0       0       0       0       0       0       0
      Totals:         0       2       0       0       0       0       0       0       0
Total ram usage:        2 bytes
 Hardware stack levels used:    1
 Hardware stack levels required when called:    5
 This function calls:
		_lcd_write_nibble
 This function is called by:
		_main
		_lcd_init
		_lcd_gotoxy
		_lcd_putnum
		_lcd_puts
		_lcd_put_blank
		_lcd_puts_const
		_lcd_set_cgram
 This function uses a non-reentrant model


 *************** function _lcd_write_nibble *****************
 Defined at:
		line 176 in file "lcd_driver.c"
 Parameters:    Size  Location     Type
  nibble          1    wreg     unsigned char 
  is_data         1    0[BANK0 ] unsigned char 
 Auto vars:     Size  Location     Type
  nibble          1    2[BANK0 ] unsigned char 
 Return value:  Size  Location     Type
		None               void
 Registers used:
		wreg, status,2, status,0, cstack
 Tracked objects:
		On entry : 
		On exit  : 
		Unchanged: 
 Data sizes:     COMRAM   BANK0   BANK1   BANK2   BANK3   BANK4   BANK5   BANK6   BANK7
      Params:         0       1       0       0       0       0       0       0       0
      Locals:         0       1       0       0       0       0       0       0       0
      Temps:          0       1       0       0       0       0       0       0       0
      Totals:         0       3       0       0       0       0       0       0       0
Total ram usage:        3 bytes
 Hardware stack levels used:    1
 Hardware stack levels required when called:    4
 This function calls:
		Nothing
 This function is called by:
		_lcd_init
		_lcd_write_byte
 This function uses a non-reentrant model


 *************** function _SetDCPWM1 *****************
 Defined at:
		line 7 in file "I:\Programas\Microchip\xc8\v1.33\sources\pic18\plib\PWM\pw1setdc.c"
 Parameters:    Size  Location     Type
  dutycycle       2    0[BANK0 ] unsigned int 
 Auto vars:     Size  Location     Type
  DCycle          2    4[BANK0 ] struct PWMDC
 Return value:  Size  Location     Type
		None               void
 Registers used:
		wreg, status,2, status,0
 Tracked objects:
		On entry : 
		On exit  : 
		Unchanged: 
 Data sizes:     COMRAM   BANK0   BANK1   BANK2   BANK3   BANK4   BANK5   BANK6   BANK7
      Params:         0       2       0       0       0       0       0       0       0
      Locals:         0       2       0       0       0       0       0       0       0
      Temps:          0       2       0       0       0       0       0       0       0
      Totals:         0       6       0       0       0       0       0       0       0
Total ram usage:        6 bytes
 Hardware stack levels used:    1
 Hardware stack levels required when called:    4
 This function calls:
		Nothing
 This function is called by:
		_main
 This function uses a non-reentrant model


 *************** function _OpenUSART *****************
 Defined at:
		line 73 in file "I:\Programas\Microchip\xc8\v1.33\sources\pic18\plib\USART\uopen.c"
 Parameters:    Size  Location     Type
  config          1    wreg     unsigned char 
  spbrg           2    0[BANK0 ] unsigned int 
 Auto vars:     Size  Location     Type
  config          1    5[BANK0 ] unsigned char 
 Return value:  Size  Location     Type
		None               void
 Registers used:
		wreg, status,2
 Tracked objects:
		On entry : 
		On exit  : 
		Unchanged: 
 Data sizes:     COMRAM   BANK0   BANK1   BANK2   BANK3   BANK4   BANK5   BANK6   BANK7
      Params:         0       2       0       0       0       0       0       0       0
      Locals:         0       1       0       0       0       0       0       0       0
      Temps:          0       3       0       0       0       0       0       0       0
      Totals:         0       6       0       0       0       0       0       0       0
Total ram usage:        6 bytes
 Hardware stack levels used:    1
 Hardware stack levels required when called:    4
 This function calls:
		Nothing
 This function is called by:
		_main
 This function uses a non-reentrant model


 *************** function _OpenPWM1 *****************
 Defined at:
		line 8 in file "I:\Programas\Microchip\xc8\v1.33\sources\pic18\plib\PWM\pw1open.c"
 Parameters:    Size  Location     Type
  period          1    wreg     unsigned char 
 Auto vars:     Size  Location     Type
  period          1    0[BANK0 ] unsigned char 
 Return value:  Size  Location     Type
		None               void
 Registers used:
		wreg, status,2, status,0
 Tracked objects:
		On entry : 
		On exit  : 
		Unchanged: 
 Data sizes:     COMRAM   BANK0   BANK1   BANK2   BANK3   BANK4   BANK5   BANK6   BANK7
      Params:         0       0       0       0       0       0       0       0       0
      Locals:         0       1       0       0       0       0       0       0       0
      Temps:          0       0       0       0       0       0       0       0       0
      Totals:         0       1       0       0       0       0       0       0       0
Total ram usage:        1 bytes
 Hardware stack levels used:    1
 Hardware stack levels required when called:    4
 This function calls:
		Nothing
 This function is called by:
		_main
 This function uses a non-reentrant model


 *************** function _ISR *****************
 Defined at:
		line 96 in file "main.c"
 Parameters:    Size  Location     Type
		None
 Auto vars:     Size  Location     Type
		None
 Return value:  Size  Location     Type
		None               void
 Registers used:
		wreg, fsr1l, fsr1h, fsr2l, fsr2h, status,2, status,0, tblptrl, tblptrh, tblptru, prodl, prodh, cstack
 Tracked objects:
		On entry : 
		On exit  : 
		Unchanged: 
 Data sizes:     COMRAM   BANK0   BANK1   BANK2   BANK3   BANK4   BANK5   BANK6   BANK7
      Params:         0       0       0       0       0       0       0       0       0
      Locals:         0       0       0       0       0       0       0       0       0
      Temps:         14       0       0       0       0       0       0       0       0
      Totals:        14       0       0       0       0       0       0       0       0
Total ram usage:       14 bytes
 Hardware stack levels used:    1
 Hardware stack levels required when called:    3
 This function calls:
		_ReadUSART
		_atoi
		_itoa
		_putsUSART
		_strncpy
 This function is called by:
		Interrupt level 2
 This function uses a non-reentrant model


 *************** function _strncpy *****************
 Defined at:
		line 8 in file "I:\Programas\Microchip\xc8\v1.33\sources\common\strncpy.c"
 Parameters:    Size  Location     Type
  to              2    0[COMRAM] PTR unsigned char 
		 -> DC_str(5), 
  from            2    2[COMRAM] PTR const unsigned char 
		 -> MessageBuffer(200), 
  size            2    4[COMRAM] unsigned int 
 Auto vars:     Size  Location     Type
  cp              2    6[COMRAM] PTR unsigned char 
		 -> DC_str(5), 
 Return value:  Size  Location     Type
                  2    0[COMRAM] PTR unsigned char 
 Registers used:
		wreg, fsr1l, fsr1h, fsr2l, fsr2h, status,2, status,0
 Tracked objects:
		On entry : 
		On exit  : 
		Unchanged: 
 Data sizes:     COMRAM   BANK0   BANK1   BANK2   BANK3   BANK4   BANK5   BANK6   BANK7
      Params:         6       0       0       0       0       0       0       0       0
      Locals:         2       0       0       0       0       0       0       0       0
      Temps:          0       0       0       0       0       0       0       0       0
      Totals:         8       0       0       0       0       0       0       0       0
Total ram usage:        8 bytes
 Hardware stack levels used:    1
 This function calls:
		Nothing
 This function is called by:
		_ISR
 This function uses a non-reentrant model


 *************** function _putsUSART *****************
 Defined at:
		line 14 in file "I:\Programas\Microchip\xc8\v1.33\sources\pic18\plib\USART\uputs.c"
 Parameters:    Size  Location     Type
  data            2   24[COMRAM] PTR unsigned char 
		 -> STR_10(17), STR_9(2), STR_8(27), STR_7(17), 
		 -> STR_6(2), RAM(2047), STR_5(27), STR_4(17), 
		 -> STR_3(2), STR_2(27), DC_str(5), MessageBuffer(200), 
 Auto vars:     Size  Location     Type
		None
 Return value:  Size  Location     Type
		None               void
 Registers used:
		wreg, fsr1l, fsr1h, status,2, status,0, tblptrl, tblptrh, tblptru, cstack
 Tracked objects:
		On entry : 
		On exit  : 
		Unchanged: 
 Data sizes:     COMRAM   BANK0   BANK1   BANK2   BANK3   BANK4   BANK5   BANK6   BANK7
      Params:         2       0       0       0       0       0       0       0       0
      Locals:         0       0       0       0       0       0       0       0       0
      Temps:          2       0       0       0       0       0       0       0       0
      Totals:         4       0       0       0       0       0       0       0       0
Total ram usage:        4 bytes
 Hardware stack levels used:    1
 Hardware stack levels required when called:    1
 This function calls:
		_WriteUSART
 This function is called by:
		_ISR
 This function uses a non-reentrant model


 *************** function _WriteUSART *****************
 Defined at:
		line 13 in file "I:\Programas\Microchip\xc8\v1.33\sources\pic18\plib\USART\uwrite.c"
 Parameters:    Size  Location     Type
  data            1    wreg     unsigned char 
 Auto vars:     Size  Location     Type
  data            1    0[COMRAM] unsigned char 
 Return value:  Size  Location     Type
		None               void
 Registers used:
		wreg
 Tracked objects:
		On entry : 
		On exit  : 
		Unchanged: 
 Data sizes:     COMRAM   BANK0   BANK1   BANK2   BANK3   BANK4   BANK5   BANK6   BANK7
      Params:         0       0       0       0       0       0       0       0       0
      Locals:         1       0       0       0       0       0       0       0       0
      Temps:          0       0       0       0       0       0       0       0       0
      Totals:         1       0       0       0       0       0       0       0       0
Total ram usage:        1 bytes
 Hardware stack levels used:    1
 This function calls:
		Nothing
 This function is called by:
		_putsUSART
 This function uses a non-reentrant model


 *************** function _itoa *****************
 Defined at:
		line 4 in file "I:\Programas\Microchip\xc8\v1.33\sources\common\itoa.c"
 Parameters:    Size  Location     Type
  buf             2   16[COMRAM] PTR unsigned char 
		 -> RAM(2047), 
  val             2   18[COMRAM] int 
  base            2   20[COMRAM] int 
 Auto vars:     Size  Location     Type
  cp              2   22[COMRAM] PTR unsigned char 
		 -> RAM(2047), 
 Return value:  Size  Location     Type
                  2   16[COMRAM] PTR unsigned char 
 Registers used:
		wreg, fsr2l, fsr2h, status,2, status,0, prodl, cstack
 Tracked objects:
		On entry : 
		On exit  : 
		Unchanged: 
 Data sizes:     COMRAM   BANK0   BANK1   BANK2   BANK3   BANK4   BANK5   BANK6   BANK7
      Params:         6       0       0       0       0       0       0       0       0
      Locals:         2       0       0       0       0       0       0       0       0
      Temps:          0       0       0       0       0       0       0       0       0
      Totals:         8       0       0       0       0       0       0       0       0
Total ram usage:        8 bytes
 Hardware stack levels used:    1
 Hardware stack levels required when called:    2
 This function calls:
		_utoa
 This function is called by:
		_ISR
 This function uses a non-reentrant model


 *************** function _utoa *****************
 Defined at:
		line 17 in file "I:\Programas\Microchip\xc8\v1.33\sources\common\itoa.c"
 Parameters:    Size  Location     Type
  buf             2    7[COMRAM] PTR unsigned char 
		 -> RAM(2047), 
  val             2    9[COMRAM] unsigned int 
  base            2   11[COMRAM] int 
 Auto vars:     Size  Location     Type
  v               2   13[COMRAM] unsigned int 
  c               1   15[COMRAM] unsigned char 
 Return value:  Size  Location     Type
                  2    7[COMRAM] PTR unsigned char 
 Registers used:
		wreg, fsr2l, fsr2h, status,2, status,0, cstack
 Tracked objects:
		On entry : 
		On exit  : 
		Unchanged: 
 Data sizes:     COMRAM   BANK0   BANK1   BANK2   BANK3   BANK4   BANK5   BANK6   BANK7
      Params:         6       0       0       0       0       0       0       0       0
      Locals:         3       0       0       0       0       0       0       0       0
      Temps:          0       0       0       0       0       0       0       0       0
      Totals:         9       0       0       0       0       0       0       0       0
Total ram usage:        9 bytes
 Hardware stack levels used:    1
 Hardware stack levels required when called:    1
 This function calls:
		___lwmod
		i2___lwdiv
 This function is called by:
		_itoa
 This function uses a non-reentrant model


 *************** function i2___lwdiv *****************
 Defined at:
		line 8 in file "I:\Programas\Microchip\xc8\v1.33\sources\common\lwdiv.c"
 Parameters:    Size  Location     Type
  dividend        2    0[COMRAM] unsigned int 
  divisor         2    2[COMRAM] unsigned int 
 Auto vars:     Size  Location     Type
  __lwdiv         2    4[COMRAM] unsigned int 
  __lwdiv         1    6[COMRAM] unsigned char 
 Return value:  Size  Location     Type
                  2    0[COMRAM] unsigned int 
 Registers used:
		wreg, status,2, status,0
 Tracked objects:
		On entry : 
		On exit  : 
		Unchanged: 
 Data sizes:     COMRAM   BANK0   BANK1   BANK2   BANK3   BANK4   BANK5   BANK6   BANK7
      Params:         4       0       0       0       0       0       0       0       0
      Locals:         3       0       0       0       0       0       0       0       0
      Temps:          0       0       0       0       0       0       0       0       0
      Totals:         7       0       0       0       0       0       0       0       0
Total ram usage:        7 bytes
 Hardware stack levels used:    1
 This function calls:
		Nothing
 This function is called by:
		_utoa
 This function uses a non-reentrant model


 *************** function ___lwmod *****************
 Defined at:
		line 8 in file "I:\Programas\Microchip\xc8\v1.33\sources\common\lwmod.c"
 Parameters:    Size  Location     Type
  dividend        2    0[COMRAM] unsigned int 
  divisor         2    2[COMRAM] unsigned int 
 Auto vars:     Size  Location     Type
  counter         1    4[COMRAM] unsigned char 
 Return value:  Size  Location     Type
                  2    0[COMRAM] unsigned int 
 Registers used:
		wreg, status,2, status,0
 Tracked objects:
		On entry : 
		On exit  : 
		Unchanged: 
 Data sizes:     COMRAM   BANK0   BANK1   BANK2   BANK3   BANK4   BANK5   BANK6   BANK7
      Params:         4       0       0       0       0       0       0       0       0
      Locals:         1       0       0       0       0       0       0       0       0
      Temps:          0       0       0       0       0       0       0       0       0
      Totals:         5       0       0       0       0       0       0       0       0
Total ram usage:        5 bytes
 Hardware stack levels used:    1
 This function calls:
		Nothing
 This function is called by:
		_utoa
 This function uses a non-reentrant model


 *************** function _atoi *****************
 Defined at:
		line 5 in file "I:\Programas\Microchip\xc8\v1.33\sources\common\atoi.c"
 Parameters:    Size  Location     Type
  s               2    6[COMRAM] PTR const unsigned char 
		 -> DC_str(5), 
 Auto vars:     Size  Location     Type
  a               2   11[COMRAM] int 
  sign            1   10[COMRAM] unsigned char 
 Return value:  Size  Location     Type
                  2    6[COMRAM] int 
 Registers used:
		wreg, fsr2l, fsr2h, status,2, status,0, prodl, prodh, cstack
 Tracked objects:
		On entry : 
		On exit  : 
		Unchanged: 
 Data sizes:     COMRAM   BANK0   BANK1   BANK2   BANK3   BANK4   BANK5   BANK6   BANK7
      Params:         2       0       0       0       0       0       0       0       0
      Locals:         3       0       0       0       0       0       0       0       0
      Temps:          2       0       0       0       0       0       0       0       0
      Totals:         7       0       0       0       0       0       0       0       0
Total ram usage:        7 bytes
 Hardware stack levels used:    1
 Hardware stack levels required when called:    1
 This function calls:
		___wmul
		_isdigit
 This function is called by:
		_ISR
 This function uses a non-reentrant model


 *************** function _isdigit *****************
 Defined at:
		line 8 in file "I:\Programas\Microchip\xc8\v1.33\sources\common\isdigit.c"
 Parameters:    Size  Location     Type
  c               1    wreg     unsigned char 
 Auto vars:     Size  Location     Type
  c               1    2[COMRAM] unsigned char 
 Return value:  Size  Location     Type
		None               void
 Registers used:
		wreg, status,2, status,0
 Tracked objects:
		On entry : 
		On exit  : 
		Unchanged: 
 Data sizes:     COMRAM   BANK0   BANK1   BANK2   BANK3   BANK4   BANK5   BANK6   BANK7
      Params:         0       0       0       0       0       0       0       0       0
      Locals:         2       0       0       0       0       0       0       0       0
      Temps:          1       0       0       0       0       0       0       0       0
      Totals:         3       0       0       0       0       0       0       0       0
Total ram usage:        3 bytes
 Hardware stack levels used:    1
 This function calls:
		Nothing
 This function is called by:
		_atoi
 This function uses a non-reentrant model


 *************** function ___wmul *****************
 Defined at:
		line 15 in file "I:\Programas\Microchip\xc8\v1.33\sources\common\Umul16.c"
 Parameters:    Size  Location     Type
  multiplier      2    0[COMRAM] unsigned int 
  multiplicand    2    2[COMRAM] unsigned int 
 Auto vars:     Size  Location     Type
  product         2    4[COMRAM] unsigned int 
 Return value:  Size  Location     Type
                  2    0[COMRAM] unsigned int 
 Registers used:
		wreg, status,2, status,0, prodl, prodh
 Tracked objects:
		On entry : 
		On exit  : 
		Unchanged: 
 Data sizes:     COMRAM   BANK0   BANK1   BANK2   BANK3   BANK4   BANK5   BANK6   BANK7
      Params:         4       0       0       0       0       0       0       0       0
      Locals:         2       0       0       0       0       0       0       0       0
      Temps:          0       0       0       0       0       0       0       0       0
      Totals:         6       0       0       0       0       0       0       0       0
Total ram usage:        6 bytes
 Hardware stack levels used:    1
 This function calls:
		Nothing
 This function is called by:
		_atoi
 This function uses a non-reentrant model


 *************** function _ReadUSART *****************
 Defined at:
		line 15 in file "I:\Programas\Microchip\xc8\v1.33\sources\pic18\plib\USART\uread.c"
 Parameters:    Size  Location     Type
		None
 Auto vars:     Size  Location     Type
  data            1    0[COMRAM] unsigned char 
 Return value:  Size  Location     Type
                  1    wreg      unsigned char 
 Registers used:
		wreg, status,2, status,0
 Tracked objects:
		On entry : 
		On exit  : 
		Unchanged: 
 Data sizes:     COMRAM   BANK0   BANK1   BANK2   BANK3   BANK4   BANK5   BANK6   BANK7
      Params:         0       0       0       0       0       0       0       0       0
      Locals:         1       0       0       0       0       0       0       0       0
      Temps:          0       0       0       0       0       0       0       0       0
      Totals:         1       0       0       0       0       0       0       0       0
Total ram usage:        1 bytes
 Hardware stack levels used:    1
 This function calls:
		Nothing
 This function is called by:
		_ISR
 This function uses a non-reentrant model



MODULE INFORMATION

Module		Function		Class		Link	Load	Size
I:\Programas\Microchip\xc8\v1.33\sources\pic18\plib\USART\uread.c
		_ReadUSART     		CODE           	1466	0000	30

I:\Programas\Microchip\xc8\v1.33\sources\pic18\plib\USART\uread.c estimated size: 30

I:\Programas\Microchip\xc8\v1.33\sources\pic18\plib\USART\uputs.c
		_putsUSART     		CODE           	126E	0000	92

I:\Programas\Microchip\xc8\v1.33\sources\pic18\plib\USART\uputs.c estimated size: 92

lcd_driver.c
		_lcd_write_byte		CODE           	1426	0000	32
		_lcd_puts      		CODE           	0F40	0000	146
		_lcd_putnum    		CODE           	10CA	0000	116
		_lcd_gotoxy    		CODE           	113E	0000	116
		_lcd_write_nibb		CODE           	0DDA	0000	194
		_lcd_init      		CODE           	0C20	0000	240

lcd_driver.c estimated size: 844

I:\Programas\Microchip\xc8\v1.33\sources\common\Umul16.c
		___wmul        		CODE           	1400	0000	38

I:\Programas\Microchip\xc8\v1.33\sources\common\Umul16.c estimated size: 38

I:\Programas\Microchip\xc8\v1.33\sources\common\itoa.c
		_itoa          		CODE           	12CA	0000	90
		_utoa          		CODE           	0E9C	0000	164

I:\Programas\Microchip\xc8\v1.33\sources\common\itoa.c estimated size: 254

I:\Programas\Microchip\xc8\v1.33\sources\pic18\plib\USART\uwrite.c
		_WriteUSART    		CODE           	1498	0000	18

I:\Programas\Microchip\xc8\v1.33\sources\pic18\plib\USART\uwrite.c estimated size: 18

I:\Programas\Microchip\xc8\v1.33\sources\common\strncpy.c
		_strncpy       		CODE           	1210	0000	94

I:\Programas\Microchip\xc8\v1.33\sources\common\strncpy.c estimated size: 94

I:\Programas\Microchip\xc8\v1.33\sources\pic18\plib\PWM\pw1open.c
		_OpenPWM1      		CODE           	1484	0000	20

I:\Programas\Microchip\xc8\v1.33\sources\pic18\plib\PWM\pw1open.c estimated size: 20

I:\Programas\Microchip\xc8\v1.33\sources\common\lwmod.c
		___lwmod       		CODE           	13BE	0000	66

I:\Programas\Microchip\xc8\v1.33\sources\common\lwmod.c estimated size: 66

shared
		__stringdata   		SMALLCONST     	0805	0000	57
		i2___lwdiv     		CODE           	1324	0000	82
		__initializatio		CODE           	11B2	0000	84
		_LCD_ROW_ADDRES		SMALLCONST     	0801	0000	4

shared estimated size: 227

I:\Programas\Microchip\xc8\v1.33\sources\pic18\plib\USART\uopen.c
		_OpenUSART     		CODE           	0FD2	0000	128

I:\Programas\Microchip\xc8\v1.33\sources\pic18\plib\USART\uopen.c estimated size: 128

I:\Programas\Microchip\xc8\v1.33\sources\common\isdigit.c
		_isdigit       		CODE           	1446	0000	32

I:\Programas\Microchip\xc8\v1.33\sources\common\isdigit.c estimated size: 32

main.c
		_ISR           		CODE           	0008	0000	2794
		_main          		CODE           	0AF2	0000	302

main.c estimated size: 3096

I:\Programas\Microchip\xc8\v1.33\sources\common\lwdiv.c
		___lwdiv       		CODE           	1052	0000	120

I:\Programas\Microchip\xc8\v1.33\sources\common\lwdiv.c estimated size: 120

I:\Programas\Microchip\xc8\v1.33\sources\pic18\plib\PWM\pw1setdc.c
		_SetDCPWM1     		CODE           	1376	0000	72

I:\Programas\Microchip\xc8\v1.33\sources\pic18\plib\PWM\pw1setdc.c estimated size: 72

I:\Programas\Microchip\xc8\v1.33\sources\common\atoi.c
		_atoi          		CODE           	0D10	0000	202

I:\Programas\Microchip\xc8\v1.33\sources\common\atoi.c estimated size: 202

