Microchip MPLAB XC8 Compiler V1.33 ()

Linker command line:

-W-3 --edf=I:\Programas\Microchip\xc8\v1.33\dat\en_msgs.txt -cs \
  -h+dist/default/production\pic_usb.production.sym \
  --cmf=dist/default/production\pic_usb.production.cmf -z -Q18F4550 \
  -oC:\Users\Leandro\AppData\Local\Temp\s93k.6 \
  -Mdist/default/production/pic_usb.production.map -E1 -ver=XC8 \
  -ASTACK=03C8h-07ffh -pstack=STACK -ACODE=00h-07FFFh -ACONST=00h-07FFFh \
  -ASMALLCONST=0800h-08FFhx120 -AMEDIUMCONST=0800h-07FFFh -ACOMRAM=01h-05Fh \
  -AABS1=00h-07FFh -ABIGRAM=01h-07FFh -ARAM=060h-0FFh,0100h-01FFhx7 \
  -ABANK0=060h-0FFh -ABANK1=0100h-01FFh -ABANK2=0200h-02FFh \
  -ABANK3=0300h-03FFh -ABANK4=0400h-04FFh -ABANK5=0500h-05FFh \
  -ABANK6=0600h-06FFh -ABANK7=0700h-07FFh -ASFR=0F60h-0FFFh \
  -preset_vec=00h,intcode=08h,intcodelo,powerup,init,end_init \
  -pramtop=0800h -psmallconst=SMALLCONST -pmediumconst=MEDIUMCONST \
  -pconst=CONST -AFARRAM=00h-00h -ACONFIG=0300000h-030000Dh -pconfig=CONFIG \
  -AIDLOC=0200000h-0200007h -pidloc=IDLOC -AEEDATA=0F00000h-0F000FFh \
  -peeprom_data=EEDATA \
  -prdata=COMRAM,nvrram=COMRAM,nvbit=COMRAM,rbss=COMRAM,rbit=COMRAM \
  -pfarbss=FARRAM,fardata=FARRAM,nvFARRAM=FARRAM \
  -pintsave_regs=BIGRAM,bigbss=BIGRAM,bigdata=BIGRAM -pbss=RAM \
  -pidata=CODE,irdata=CODE,ibigdata=CODE,ifardata=CODE \
  C:\Users\Leandro\AppData\Local\Temp\s93k.obj \
  dist/default/production\pic_usb.production.obj 

Object code version is 3.11

Machine type is 18F4550

Call graph: (short form)




                Name                               Link     Load   Length Selector   Space Scale
C:\Users\Leandro\AppData\Local\Temp\s93k.obj
                end_init                             18       18        4        4       0
                reset_vec                             0        0        4        0       0
                idloc                            200000   200000        8   200000       0
                config                           300000   300000        E   300000       0
dist/default/production\pic_usb.production.obj
                intcode                               8        8       10        4       0
                smallconst                          800      800       3E      400       0
                text23                             1422     1422       1E      41F       0
                text22                             13BC     13BC       26      41F       0
                text21                             1402     1402       20      41F       0
                text20                              CA6      CA6       CA      41F       0
                text19                             138E     138E       2E      41F       0
                text18                             134C     134C       42      41F       0
                text17                             12B2     12B2       52      41F       0
                text16                              E32      E32       A4      41F       0
                text15                             1260     1260       52      41F       0
                text14                             1454     1454       12      41F       0
                text13                             1204     1204       5C      41F       0
                text12                             11A6     11A6       5E      41F       0
                intcode_body                        83E      83E      24A      41F       0
                text10                             1440     1440       14      41F       0
                text9                               F68      F68       80      41F       0
                text8                              1304     1304       48      41F       0
                text7                               D70      D70       C2      41F       0
                text6                              13E2     13E2       20      41F       0
                text5                               BB6      BB6       F0      41F       0
                text4                               FE8      FE8       78      41F       0
                text3                              10D4     10D4       74      41F       0
                text2                              1060     1060       74      41F       0
                text1                               ED6      ED6       92      41F       0
                text0                               A88      A88      12E      41F       0
                cstackCOMRAM                          1        1       26        1       1
                cstackBANK0                          60       60       13       60       1
                bssBANK3                            300      300       C8      300       1
                bssBANK2                            200      200       C8      200       1
                bssBANK1                            100      100       C8      100       1
                bssBANK0                             73       73       10       60       1
                dataCOMRAM                           49       49        2        1       1
                bssCOMRAM                            27       27       22        1       1
                cinit                              1148     1148       5E      41F       0
                idataCOMRAM                        1466     1466        2      41F       0

TOTAL           Name                               Link     Load   Length     Space
        CLASS   STACK          

        CLASS   CODE           
                end_init                             18       18        4         0
                intcode                               8        8       10         0
                reset_vec                             0        0        4         0
                text23                             1422     1422       1E         0
                text22                             13BC     13BC       26         0
                text21                             1402     1402       20         0
                text20                              CA6      CA6       CA         0
                text19                             138E     138E       2E         0
                text18                             134C     134C       42         0
                text17                             12B2     12B2       52         0
                text16                              E32      E32       A4         0
                text15                             1260     1260       52         0
                text14                             1454     1454       12         0
                text13                             1204     1204       5C         0
                text12                             11A6     11A6       5E         0
                intcode_body                        83E      83E      24A         0
                text10                             1440     1440       14         0
                text9                               F68      F68       80         0
                text8                              1304     1304       48         0
                text7                               D70      D70       C2         0
                text6                              13E2     13E2       20         0
                text5                               BB6      BB6       F0         0
                text4                               FE8      FE8       78         0
                text3                              10D4     10D4       74         0
                text2                              1060     1060       74         0
                text1                               ED6      ED6       92         0
                text0                               A88      A88      12E         0
                cinit                              1148     1148       5E         0
                idataCOMRAM                        1466     1466        2         0

        CLASS   CONST          

        CLASS   SMALLCONST     
                smallconst                          800      800       3E         0

        CLASS   MEDIUMCONST    

        CLASS   COMRAM         
                cstackCOMRAM                          1        1       26         1
                dataCOMRAM                           49       49        2         1
                bssCOMRAM                            27       27       22         1

        CLASS   ABS1           

        CLASS   BIGRAM         

        CLASS   RAM            

        CLASS   BANK0          
                cstackBANK0                          60       60       13         1
                bssBANK0                             73       73       10         1

        CLASS   BANK1          
                bssBANK1                            100      100       C8         1

        CLASS   BANK2          
                bssBANK2                            200      200       C8         1

        CLASS   BANK3          
                bssBANK3                            300      300       C8         1

        CLASS   BANK4          

        CLASS   BANK5          

        CLASS   BANK6          

        CLASS   BANK7          

        CLASS   SFR            

        CLASS   FARRAM         

        CLASS   CONFIG         
                config                           300000   300000        E         0

        CLASS   IDLOC          
                idloc                            200000   200000        8         0

        CLASS   EEDATA         



SEGMENTS        Name                           Load    Length   Top    Selector   Space  Class

                reset_vec                      000000  000004  000004         0       0  CODE    
                cstackCOMRAM                   000001  00004A  00004B         1       1  COMRAM  
                intcode                        000008  000014  00001C         4       0  CODE    
                cstackBANK0                    000060  000023  000083        60       1  BANK0   
                bssBANK1                       000100  0000C8  0001C8       100       1  BANK1   
                bssBANK2                       000200  0000C8  0002C8       200       1  BANK2   
                bssBANK3                       000300  0000C8  0003C8       300       1  BANK3   
                smallconst                     000800  00003E  00083E       400       0  SMALLCON
                intcode_body                   00083E  000C2A  001468       41F       0  CODE    
                idloc                          200000  000008  200008    200000       0  IDLOC   
                config                         300000  00000E  30000E    300000       0  CONFIG  


UNUSED ADDRESS RANGES

        Name                Unused          Largest block    Delta
        BANK0            000083-0000FF               7D
        BANK1            0001C8-0001FF               38
        BANK2            0002C8-0002FF               38
        BANK3            0003C8-0003FF               38
        BANK4            000400-0004FF              100
        BANK5            000500-0005FF              100
        BANK6            000600-0006FF              100
        BANK7            000700-0007FF              100
        BIGRAM           00004B-00005F               15
                         000083-0000FF               7D
                         0001C8-0001FF               38
                         0002C8-0002FF               38
                         0003C8-0007FF              438
        CODE             000004-000007                4
                         00001C-0007FF              7E4
                         001468-007FFF             6B98
        COMRAM           00004B-00005F               15
        CONST            000004-000007                4
                         00001C-0007FF              7E4
                         001468-007FFF             6B98
        EEDATA           F00000-F000FF              100
        MEDIUMCONST      001468-007FFF             6B98
        RAM              000083-0000FF               7D
                         0001C8-0001FF               38
                         0002C8-0002FF               38
                         0003C8-0007FF              100
        SFR              000F60-000FFF               A0
        SMALLCONST       001468-007FFF              100
        STACK            0003C8-0007FF              438

                                  Symbol Table

?___lwdiv                    cstackBANK0  000060
?___lwmod                    cstackCOMRAM 000001
?___wmul                     cstackCOMRAM 000001
?_atoi                       cstackCOMRAM 000007
?i2___lwdiv                  cstackCOMRAM 000001
OpenPWM1@period              cstackBANK0  000060
OpenUSART@config             cstackBANK0  000065
OpenUSART@spbrg              cstackBANK0  000060
ReadUSART@data               cstackCOMRAM 000001
SetDCPWM1@DCycle             cstackBANK0  000064
SetDCPWM1@dutycycle          cstackBANK0  000060
WriteUSART@data              cstackCOMRAM 000001
_CCP1CON                     (abs)        000FBD
_CCPR1L                      (abs)        000FBE
_DC_str                      bssCOMRAM    000044
_DutyCycle                   dataCOMRAM   000049
_INTCONbits                  (abs)        000FF2
_ISR                         intcode      000008
_LATDbits                    (abs)        000F8C
_LCD_ROW_ADDRESS             smallconst   000801
_MessageBuffer               bssBANK1     000100
_OpenPWM1                    text10       001440
_OpenUSART                   text9        000F68
_PEIE                        (abs)        007F96
_PIE1                        (abs)        000F9D
_PIE1bits                    (abs)        000F9D
_PIR1bits                    (abs)        000F9E
_PR2                         (abs)        000FCB
_RCIE                        (abs)        007CED
_RCIF                        (abs)        007CF5
_RCIP                        (abs)        007CFD
_RCREG                       (abs)        000FAE
_RCSTA                       (abs)        000FAB
_RCSTAbits                   (abs)        000FAB
_ReadUSART                   text23       001422
_SPBRG                       (abs)        000FAF
_SPBRGH                      (abs)        000FB0
_SetDCPWM1                   text8        001304
_T2CON                       (abs)        000FCA
_T2CONbits                   (abs)        000FCA
_TRISC                       (abs)        000F94
_TRISCbits                   (abs)        000F94
_TRISD                       (abs)        000F95
_TXREG                       (abs)        000FAD
_TXSTA                       (abs)        000FAC
_TXSTAbits                   (abs)        000FAC
_USART_Status                bssCOMRAM    00003F
_WriteUSART                  text14       001454
__CFG_FOSC$HS                (abs)        000000
__CFG_LVP$OFF                (abs)        000000
__CFG_MCLRE$ON               (abs)        000000
__CFG_WDT$OFF                (abs)        000000
__HRAM                       (abs)        000000
__Habs1                      abs1         000000
__Hbank0                     bank0        000000
__Hbank1                     bank1        000000
__Hbank2                     bank2        000000
__Hbank3                     bank3        000000
__Hbank4                     bank4        000000
__Hbank5                     bank5        000000
__Hbank6                     bank6        000000
__Hbank7                     bank7        000000
__Hbigbss                    bigbss       000000
__Hbigdata                   bigdata      000000
__Hbigram                    bigram       000000
__Hbss                       bss          000000
__HbssBANK0                  bssBANK0     000000
__HbssBANK1                  bssBANK1     000000
__HbssBANK2                  bssBANK2     000000
__HbssBANK3                  bssBANK3     000000
__HbssCOMRAM                 bssCOMRAM    000000
__Hcinit                     cinit        000000
__Hclrtext                   clrtext      000000
__Hcomram                    comram       000000
__Hconfig                    config       30000E
__Hconst                     const        000000
__HcstackBANK0               cstackBANK0  000000
__HcstackCOMRAM              cstackCOMRAM 000000
__Hdata                      data         000000
__HdataCOMRAM                dataCOMRAM   000000
__Heeprom_data               eeprom_data  000000
__Hend_init                  end_init     00001C
__Hfarbss                    farbss       000000
__Hfardata                   fardata      000000
__Hibigdata                  ibigdata     000000
__Hidata                     idata        000000
__HidataCOMRAM               idataCOMRAM  000000
__Hidloc                     idloc        200008
__Hifardata                  ifardata     000000
__Hinit                      init         000018
__Hintcode                   intcode      000018
__Hintcode_body              intcode_body 000000
__Hintcodelo                 intcodelo    000018
__Hintentry                  intentry     000000
__Hintret                    intret       000000
__Hintsave_regs              intsave_regs 000000
__Hirdata                    irdata       000000
__Hmediumconst               mediumconst  000000
__HnvFARRAM                  nvFARRAM     000000
__Hnvbit                     nvbit        000000
__Hnvrram                    nvrram       000000
__Hparam                     rparam       000000
__Hpowerup                   powerup      000018
__Hram                       ram          000000
__Hramtop                    ramtop       000800
__Hrbit                      rbit         000000
__Hrbss                      rbss         000000
__Hrdata                     rdata        000000
__Hreset_vec                 reset_vec    000004
__Hrparam                    rparam       000000
__Hsfr                       sfr          000000
__Hsmallconst                smallconst   00083E
__Hspace_0                   (abs)        30000E
__Hspace_1                   (abs)        0003C8
__Hspace_2                   (abs)        000000
__Hstack                     stack        000000
__Hstruct                    struct       000000
__Htemp                      temp         000000
__Htext                      text         000000
__Htext0                     text0        000000
__Htext1                     text1        000000
__Htext10                    text10       000000
__Htext12                    text12       000000
__Htext13                    text13       000000
__Htext14                    text14       000000
__Htext15                    text15       000000
__Htext16                    text16       000000
__Htext17                    text17       000000
__Htext18                    text18       000000
__Htext19                    text19       000000
__Htext2                     text2        000000
__Htext20                    text20       000000
__Htext21                    text21       000000
__Htext22                    text22       000000
__Htext23                    text23       000000
__Htext3                     text3        000000
__Htext4                     text4        000000
__Htext5                     text5        000000
__Htext6                     text6        000000
__Htext7                     text7        000000
__Htext8                     text8        000000
__Htext9                     text9        000000
__LRAM                       (abs)        000001
__Labs1                      abs1         000000
__Lbank0                     bank0        000000
__Lbank1                     bank1        000000
__Lbank2                     bank2        000000
__Lbank3                     bank3        000000
__Lbank4                     bank4        000000
__Lbank5                     bank5        000000
__Lbank6                     bank6        000000
__Lbank7                     bank7        000000
__Lbigbss                    bigbss       000000
__Lbigdata                   bigdata      000000
__Lbigram                    bigram       000000
__Lbss                       bss          000000
__LbssBANK0                  bssBANK0     000000
__LbssBANK1                  bssBANK1     000000
__LbssBANK2                  bssBANK2     000000
__LbssBANK3                  bssBANK3     000000
__LbssCOMRAM                 bssCOMRAM    000000
__Lcinit                     cinit        000000
__Lclrtext                   clrtext      000000
__Lcomram                    comram       000000
__Lconfig                    config       300000
__Lconst                     const        000000
__LcstackBANK0               cstackBANK0  000000
__LcstackCOMRAM              cstackCOMRAM 000000
__Ldata                      data         000000
__LdataCOMRAM                dataCOMRAM   000000
__Leeprom_data               eeprom_data  000000
__Lend_init                  end_init     000018
__Lfarbss                    farbss       000000
__Lfardata                   fardata      000000
__Libigdata                  ibigdata     000000
__Lidata                     idata        000000
__LidataCOMRAM               idataCOMRAM  000000
__Lidloc                     idloc        200000
__Lifardata                  ifardata     000000
__Linit                      init         000018
__Lintcode                   intcode      000008
__Lintcode_body              intcode_body 000000
__Lintcodelo                 intcodelo    000018
__Lintentry                  intentry     000000
__Lintret                    intret       000000
__Lintsave_regs              intsave_regs 000000
__Lirdata                    irdata       000000
__Lmediumconst               mediumconst  000000
__LnvFARRAM                  nvFARRAM     000000
__Lnvbit                     nvbit        000000
__Lnvrram                    nvrram       000000
__Lparam                     rparam       000000
__Lpowerup                   powerup      000018
__Lram                       ram          000000
__Lramtop                    ramtop       000800
__Lrbit                      rbit         000000
__Lrbss                      rbss         000000
__Lrdata                     rdata        000000
__Lreset_vec                 reset_vec    000000
__Lrparam                    rparam       000000
__Lsfr                       sfr          000000
__Lsmallconst                smallconst   000800
__Lspace_0                   (abs)        000000
__Lspace_1                   (abs)        000000
__Lspace_2                   (abs)        000000
__Lstack                     stack        000000
__Lstruct                    struct       000000
__Ltemp                      temp         000000
__Ltext                      text         000000
__Ltext0                     text0        000000
__Ltext1                     text1        000000
__Ltext10                    text10       000000
__Ltext12                    text12       000000
__Ltext13                    text13       000000
__Ltext14                    text14       000000
__Ltext15                    text15       000000
__Ltext16                    text16       000000
__Ltext17                    text17       000000
__Ltext18                    text18       000000
__Ltext19                    text19       000000
__Ltext2                     text2        000000
__Ltext20                    text20       000000
__Ltext21                    text21       000000
__Ltext22                    text22       000000
__Ltext23                    text23       000000
__Ltext3                     text3        000000
__Ltext4                     text4        000000
__Ltext5                     text5        000000
__Ltext6                     text6        000000
__Ltext7                     text7        000000
__Ltext8                     text8        000000
__Ltext9                     text9        000000
__S0                         (abs)        30000E
__S1                         (abs)        0003C8
__S2                         (abs)        000000
___inthi_sp                  stack        000000
___intlo_sp                  stack        000000
___lwdiv                     text4        000FE8
___lwdiv@counter             cstackBANK0  000066
___lwdiv@dividend            cstackBANK0  000060
___lwdiv@divisor             cstackBANK0  000062
___lwdiv@quotient            cstackBANK0  000064
___lwmod                     text18       00134C
___lwmod@counter             cstackCOMRAM 000005
___lwmod@dividend            cstackCOMRAM 000001
___lwmod@divisor             cstackCOMRAM 000003
___sp                        stack        000000
___wmul                      text22       0013BC
___wmul@multiplicand         cstackCOMRAM 000003
___wmul@multiplier           cstackCOMRAM 000001
___wmul@product              cstackCOMRAM 000005
__accesstop                  (abs)        000060
__activetblptr               (abs)        000002
__end_of_ISR                 intcode_body 000A88
__end_of_LCD_ROW_ADDRESS     smallconst   000805
__end_of_OpenPWM1            text10       001454
__end_of_OpenUSART           text9        000FE8
__end_of_ReadUSART           text23       001440
__end_of_SetDCPWM1           text8        00134C
__end_of_WriteUSART          text14       001466
__end_of___lwdiv             text4        001060
__end_of___lwmod             text18       00138E
__end_of___wmul              text22       0013E2
__end_of__initialization     cinit        00119C
__end_of__stringdata         smallconst   00083D
__end_of_atoi                text20       000D70
__end_of_cleanMessageBuffer  text19       0013BC
__end_of_isdigit             text21       001422
__end_of_itoa                text15       0012B2
__end_of_lcd_gotoxy          text3        001148
__end_of_lcd_init            text5        000CA6
__end_of_lcd_putnum          text2        0010D4
__end_of_lcd_puts            text1        000F68
__end_of_lcd_write_byte      text6        001402
__end_of_lcd_write_nibble    text7        000E32
__end_of_main                text0        000BB6
__end_of_putsUSART           text13       001260
__end_of_strncpy             text12       001204
__end_of_utoa                text16       000ED6
__end_ofi2___lwdiv           text17       001304
__initialization             cinit        001148
__mediumconst                mediumconst  000000
__pbssBANK0                  bssBANK0     000073
__pbssBANK1                  bssBANK1     000100
__pbssBANK2                  bssBANK2     000200
__pbssBANK3                  bssBANK3     000300
__pbssCOMRAM                 bssCOMRAM    000027
__pcinit                     cinit        001148
__pcstackBANK0               cstackBANK0  000060
__pcstackCOMRAM              cstackCOMRAM 000001
__pdataCOMRAM                dataCOMRAM   000049
__pidataCOMRAM               idataCOMRAM  001466
__pintcode                   intcode      000008
__pintcode_body              intcode_body 00083E
__psmallconst                smallconst   000800
__ptext0                     text0        000A88
__ptext1                     text1        000ED6
__ptext10                    text10       001440
__ptext12                    text12       0011A6
__ptext13                    text13       001204
__ptext14                    text14       001454
__ptext15                    text15       001260
__ptext16                    text16       000E32
__ptext17                    text17       0012B2
__ptext18                    text18       00134C
__ptext19                    text19       00138E
__ptext2                     text2        001060
__ptext20                    text20       000CA6
__ptext21                    text21       001402
__ptext22                    text22       0013BC
__ptext23                    text23       001422
__ptext3                     text3        0010D4
__ptext4                     text4        000FE8
__ptext5                     text5        000BB6
__ptext6                     text6        0013E2
__ptext7                     text7        000D70
__ptext8                     text8        001304
__ptext9                     text9        000F68
__ramtop                     ramtop       000800
__size_of_ISR                (abs)        000000
__size_of_OpenPWM1           (abs)        000000
__size_of_OpenUSART          (abs)        000000
__size_of_ReadUSART          (abs)        000000
__size_of_SetDCPWM1          (abs)        000000
__size_of_WriteUSART         (abs)        000000
__size_of___lwdiv            (abs)        000000
__size_of___lwmod            (abs)        000000
__size_of___wmul             (abs)        000000
__size_of_atoi               (abs)        000000
__size_of_cleanMessageBuffer (abs)        000000
__size_of_isdigit            (abs)        000000
__size_of_itoa               (abs)        000000
__size_of_lcd_gotoxy         (abs)        000000
__size_of_lcd_init           (abs)        000000
__size_of_lcd_putnum         (abs)        000000
__size_of_lcd_puts           (abs)        000000
__size_of_lcd_write_byte     (abs)        000000
__size_of_lcd_write_nibble   (abs)        000000
__size_of_main               (abs)        000000
__size_of_putsUSART          (abs)        000000
__size_of_strncpy            (abs)        000000
__size_of_utoa               (abs)        000000
__size_ofi2___lwdiv          (abs)        000000
__smallconst                 smallconst   000800
__stringdata                 smallconst   000805
_atoi                        text20       000CA6
_c                           bssCOMRAM    000040
_cantidadLetrasDOWN          bssCOMRAM    000037
_cantidadLetrasUP            bssCOMRAM    000039
_cleanMessageBuffer          text19       00138E
_flag_newline                bssCOMRAM    000041
_i                           bssCOMRAM    00003B
_isdigit                     text21       001402
_isdigit$1330                cstackCOMRAM 000002
_itoa                        text15       001260
_k                           bssCOMRAM    00003D
_lcd_gotoxy                  text3        0010D4
_lcd_init                    text5        000BB6
_lcd_lower_display_buffer    bssCOMRAM    000027
_lcd_lower_row_buffer        bssBANK3     000300
_lcd_putnum                  text2        001060
_lcd_puts                    text1        000ED6
_lcd_upper_display_buffer    bssBANK0     000073
_lcd_upper_row_buffer        bssBANK2     000200
_lcd_write_byte              text6        0013E2
_lcd_write_nibble            text7        000D70
_lcd_x                       bssCOMRAM    000042
_lcd_y                       bssCOMRAM    000043
_main                        text0        000A88
_putsUSART                   text13       001204
_strncpy                     text12       0011A6
_utoa                        text16       000E32
atoi@a                       cstackCOMRAM 00000C
atoi@s                       cstackCOMRAM 000007
atoi@sign                    cstackCOMRAM 00000B
end_of_initialization        cinit        00119C
i2___lwdiv                   text17       0012B2
i2___lwdiv@counter           cstackCOMRAM 000007
i2___lwdiv@dividend          cstackCOMRAM 000001
i2___lwdiv@divisor           cstackCOMRAM 000003
i2___lwdiv@quotient          cstackCOMRAM 000005
int_func                     intcode_body 00083E
intlevel0                    text         000000
intlevel1                    text         000000
intlevel2                    text         000000
intlevel3                    text         000000
isdigit@c                    cstackCOMRAM 000003
itoa@base                    cstackCOMRAM 000015
itoa@buf                     cstackCOMRAM 000011
itoa@cp                      cstackCOMRAM 000017
itoa@val                     cstackCOMRAM 000013
lcd_gotoxy@addr              cstackBANK0  000066
lcd_gotoxy@x                 cstackBANK0  000067
lcd_gotoxy@y                 cstackBANK0  000065
lcd_putnum@dec               cstackBANK0  00006D
lcd_putnum@len               cstackBANK0  00006A
lcd_putnum@num               cstackBANK0  000068
lcd_putnum@r                 cstackBANK0  00006E
lcd_putnum@x                 cstackBANK0  00006B
lcd_putnum@y                 cstackBANK0  00006C
lcd_puts@str                 cstackBANK0  000068
lcd_write_byte@byte          cstackBANK0  000064
lcd_write_byte@is_data       cstackBANK0  000063
lcd_write_nibble@is_data     cstackBANK0  000060
lcd_write_nibble@nibble      cstackBANK0  000062
main@config                  cstackBANK0  000071
main@spbrg                   cstackBANK0  000072
putsUSART@data               cstackCOMRAM 000002
stackhi                      (abs)        0007FF
stacklo                      (abs)        0003C8
start                        init         000018
start_initialization         cinit        001148
strncpy@cp                   cstackCOMRAM 000007
strncpy@from                 cstackCOMRAM 000003
strncpy@size                 cstackCOMRAM 000005
strncpy@to                   cstackCOMRAM 000001
utoa@base                    cstackCOMRAM 00000C
utoa@buf                     cstackCOMRAM 000008
utoa@c                       cstackCOMRAM 000010
utoa@v                       cstackCOMRAM 00000E
utoa@val                     cstackCOMRAM 00000A


FUNCTION INFORMATION:

 *************** function _main *****************
 Defined at:
		line 47 in file "main.c"
 Parameters:    Size  Location     Type
		None
 Auto vars:     Size  Location     Type
  spbrg           1   18[BANK0 ] unsigned char 
  config          1   17[BANK0 ] unsigned char 
 Return value:  Size  Location     Type
		None               void
 Registers used:
		wreg, status,2, status,0, tblptrl, tblptrh, tblptru, prodl, prodh, cstack
 Tracked objects:
		On entry : 
		On exit  : 
		Unchanged: 
 Data sizes:     COMRAM   BANK0   BANK1   BANK2   BANK3   BANK4   BANK5   BANK6   BANK7
      Params:         0       0       0       0       0       0       0       0       0
      Locals:         0       2       0       0       0       0       0       0       0
      Temps:          0       1       0       0       0       0       0       0       0
      Totals:         0       3       0       0       0       0       0       0       0
Total ram usage:        3 bytes
 Hardware stack levels required when called:    8
 This function calls:
		_OpenPWM1
		_OpenUSART
		_SetDCPWM1
		_lcd_gotoxy
		_lcd_init
		_lcd_putnum
		_lcd_puts
		_lcd_write_byte
 This function is called by:
		Startup code after reset
 This function uses a non-reentrant model


 *************** function _lcd_puts *****************
 Defined at:
		line 108 in file "lcd_driver.c"
 Parameters:    Size  Location     Type
  str             2    8[BANK0 ] PTR unsigned char 
		 -> STR_1(13), 
 Auto vars:     Size  Location     Type
		None
 Return value:  Size  Location     Type
		None               void
 Registers used:
		wreg, status,2, status,0, tblptrl, tblptrh, tblptru, prodl, prodh, cstack
 Tracked objects:
		On entry : 
		On exit  : 
		Unchanged: 
 Data sizes:     COMRAM   BANK0   BANK1   BANK2   BANK3   BANK4   BANK5   BANK6   BANK7
      Params:         0       2       0       0       0       0       0       0       0
      Locals:         0       0       0       0       0       0       0       0       0
      Temps:          0       0       0       0       0       0       0       0       0
      Totals:         0       2       0       0       0       0       0       0       0
Total ram usage:        2 bytes
 Hardware stack levels used:    1
 Hardware stack levels required when called:    7
 This function calls:
		_lcd_gotoxy
		_lcd_write_byte
 This function is called by:
		_main
 This function uses a non-reentrant model


 *************** function _lcd_putnum *****************
 Defined at:
		line 87 in file "lcd_driver.c"
 Parameters:    Size  Location     Type
  num             2    8[BANK0 ] unsigned int 
  len             1   10[BANK0 ] unsigned char 
  x               1   11[BANK0 ] unsigned char 
  y               1   12[BANK0 ] unsigned char 
 Auto vars:     Size  Location     Type
  r               2   14[BANK0 ] unsigned int 
  dec             1   13[BANK0 ] unsigned char 
 Return value:  Size  Location     Type
		None               void
 Registers used:
		wreg, status,2, status,0, tblptrl, tblptrh, tblptru, prodl, prodh, cstack
 Tracked objects:
		On entry : 
		On exit  : 
		Unchanged: 
 Data sizes:     COMRAM   BANK0   BANK1   BANK2   BANK3   BANK4   BANK5   BANK6   BANK7
      Params:         0       5       0       0       0       0       0       0       0
      Locals:         0       3       0       0       0       0       0       0       0
      Temps:          0       0       0       0       0       0       0       0       0
      Totals:         0       8       0       0       0       0       0       0       0
Total ram usage:        8 bytes
 Hardware stack levels used:    1
 Hardware stack levels required when called:    7
 This function calls:
		___lwdiv
		_lcd_gotoxy
		_lcd_write_byte
 This function is called by:
		_main
 This function uses a non-reentrant model


 *************** function _lcd_gotoxy *****************
 Defined at:
		line 54 in file "lcd_driver.c"
 Parameters:    Size  Location     Type
  x               1    wreg     unsigned char 
  y               1    5[BANK0 ] unsigned char 
 Auto vars:     Size  Location     Type
  x               1    7[BANK0 ] unsigned char 
  addr            1    6[BANK0 ] unsigned char 
 Return value:  Size  Location     Type
		None               void
 Registers used:
		wreg, status,2, status,0, tblptrl, tblptrh, tblptru, prodl, prodh, cstack
 Tracked objects:
		On entry : 
		On exit  : 
		Unchanged: 
 Data sizes:     COMRAM   BANK0   BANK1   BANK2   BANK3   BANK4   BANK5   BANK6   BANK7
      Params:         0       1       0       0       0       0       0       0       0
      Locals:         0       2       0       0       0       0       0       0       0
      Temps:          0       0       0       0       0       0       0       0       0
      Totals:         0       3       0       0       0       0       0       0       0
Total ram usage:        3 bytes
 Hardware stack levels used:    1
 Hardware stack levels required when called:    6
 This function calls:
		_lcd_write_byte
 This function is called by:
		_main
		_lcd_putnum
		_lcd_puts
		_lcd_put_blank
		_lcd_puts_const
 This function uses a non-reentrant model


 *************** function ___lwdiv *****************
 Defined at:
		line 8 in file "I:\Programas\Microchip\xc8\v1.33\sources\common\lwdiv.c"
 Parameters:    Size  Location     Type
  dividend        2    0[BANK0 ] unsigned int 
  divisor         2    2[BANK0 ] unsigned int 
 Auto vars:     Size  Location     Type
  quotient        2    4[BANK0 ] unsigned int 
  counter         1    6[BANK0 ] unsigned char 
 Return value:  Size  Location     Type
                  2    0[BANK0 ] unsigned int 
 Registers used:
		wreg, status,2, status,0
 Tracked objects:
		On entry : 
		On exit  : 
		Unchanged: 
 Data sizes:     COMRAM   BANK0   BANK1   BANK2   BANK3   BANK4   BANK5   BANK6   BANK7
      Params:         0       4       0       0       0       0       0       0       0
      Locals:         0       3       0       0       0       0       0       0       0
      Temps:          0       0       0       0       0       0       0       0       0
      Totals:         0       7       0       0       0       0       0       0       0
Total ram usage:        7 bytes
 Hardware stack levels used:    1
 Hardware stack levels required when called:    4
 This function calls:
		Nothing
 This function is called by:
		_lcd_putnum
 This function uses a non-reentrant model


 *************** function _lcd_init *****************
 Defined at:
		line 11 in file "lcd_driver.c"
 Parameters:    Size  Location     Type
		None
 Auto vars:     Size  Location     Type
		None
 Return value:  Size  Location     Type
		None               void
 Registers used:
		wreg, status,2, status,0, cstack
 Tracked objects:
		On entry : 
		On exit  : 
		Unchanged: 
 Data sizes:     COMRAM   BANK0   BANK1   BANK2   BANK3   BANK4   BANK5   BANK6   BANK7
      Params:         0       0       0       0       0       0       0       0       0
      Locals:         0       0       0       0       0       0       0       0       0
      Temps:          0       1       0       0       0       0       0       0       0
      Totals:         0       1       0       0       0       0       0       0       0
Total ram usage:        1 bytes
 Hardware stack levels used:    1
 Hardware stack levels required when called:    6
 This function calls:
		_lcd_write_byte
		_lcd_write_nibble
 This function is called by:
		_main
 This function uses a non-reentrant model


 *************** function _lcd_write_byte *****************
 Defined at:
		line 185 in file "lcd_driver.c"
 Parameters:    Size  Location     Type
  byte            1    wreg     unsigned char 
  is_data         1    3[BANK0 ] unsigned char 
 Auto vars:     Size  Location     Type
  byte            1    4[BANK0 ] unsigned char 
 Return value:  Size  Location     Type
		None               void
 Registers used:
		wreg, status,2, status,0, cstack
 Tracked objects:
		On entry : 
		On exit  : 
		Unchanged: 
 Data sizes:     COMRAM   BANK0   BANK1   BANK2   BANK3   BANK4   BANK5   BANK6   BANK7
      Params:         0       1       0       0       0       0       0       0       0
      Locals:         0       1       0       0       0       0       0       0       0
      Temps:          0       0       0       0       0       0       0       0       0
      Totals:         0       2       0       0       0       0       0       0       0
Total ram usage:        2 bytes
 Hardware stack levels used:    1
 Hardware stack levels required when called:    5
 This function calls:
		_lcd_write_nibble
 This function is called by:
		_main
		_lcd_init
		_lcd_gotoxy
		_lcd_putnum
		_lcd_puts
		_lcd_put_blank
		_lcd_puts_const
		_lcd_set_cgram
 This function uses a non-reentrant model


 *************** function _lcd_write_nibble *****************
 Defined at:
		line 176 in file "lcd_driver.c"
 Parameters:    Size  Location     Type
  nibble          1    wreg     unsigned char 
  is_data         1    0[BANK0 ] unsigned char 
 Auto vars:     Size  Location     Type
  nibble          1    2[BANK0 ] unsigned char 
 Return value:  Size  Location     Type
		None               void
 Registers used:
		wreg, status,2, status,0, cstack
 Tracked objects:
		On entry : 
		On exit  : 
		Unchanged: 
 Data sizes:     COMRAM   BANK0   BANK1   BANK2   BANK3   BANK4   BANK5   BANK6   BANK7
      Params:         0       1       0       0       0       0       0       0       0
      Locals:         0       1       0       0       0       0       0       0       0
      Temps:          0       1       0       0       0       0       0       0       0
      Totals:         0       3       0       0       0       0       0       0       0
Total ram usage:        3 bytes
 Hardware stack levels used:    1
 Hardware stack levels required when called:    4
 This function calls:
		Nothing
 This function is called by:
		_lcd_init
		_lcd_write_byte
 This function uses a non-reentrant model


 *************** function _SetDCPWM1 *****************
 Defined at:
		line 7 in file "I:\Programas\Microchip\xc8\v1.33\sources\pic18\plib\PWM\pw1setdc.c"
 Parameters:    Size  Location     Type
  dutycycle       2    0[BANK0 ] unsigned int 
 Auto vars:     Size  Location     Type
  DCycle          2    4[BANK0 ] struct PWMDC
 Return value:  Size  Location     Type
		None               void
 Registers used:
		wreg, status,2, status,0
 Tracked objects:
		On entry : 
		On exit  : 
		Unchanged: 
 Data sizes:     COMRAM   BANK0   BANK1   BANK2   BANK3   BANK4   BANK5   BANK6   BANK7
      Params:         0       2       0       0       0       0       0       0       0
      Locals:         0       2       0       0       0       0       0       0       0
      Temps:          0       2       0       0       0       0       0       0       0
      Totals:         0       6       0       0       0       0       0       0       0
Total ram usage:        6 bytes
 Hardware stack levels used:    1
 Hardware stack levels required when called:    4
 This function calls:
		Nothing
 This function is called by:
		_main
 This function uses a non-reentrant model


 *************** function _OpenUSART *****************
 Defined at:
		line 73 in file "I:\Programas\Microchip\xc8\v1.33\sources\pic18\plib\USART\uopen.c"
 Parameters:    Size  Location     Type
  config          1    wreg     unsigned char 
  spbrg           2    0[BANK0 ] unsigned int 
 Auto vars:     Size  Location     Type
  config          1    5[BANK0 ] unsigned char 
 Return value:  Size  Location     Type
		None               void
 Registers used:
		wreg, status,2
 Tracked objects:
		On entry : 
		On exit  : 
		Unchanged: 
 Data sizes:     COMRAM   BANK0   BANK1   BANK2   BANK3   BANK4   BANK5   BANK6   BANK7
      Params:         0       2       0       0       0       0       0       0       0
      Locals:         0       1       0       0       0       0       0       0       0
      Temps:          0       3       0       0       0       0       0       0       0
      Totals:         0       6       0       0       0       0       0       0       0
Total ram usage:        6 bytes
 Hardware stack levels used:    1
 Hardware stack levels required when called:    4
 This function calls:
		Nothing
 This function is called by:
		_main
 This function uses a non-reentrant model


 *************** function _OpenPWM1 *****************
 Defined at:
		line 8 in file "I:\Programas\Microchip\xc8\v1.33\sources\pic18\plib\PWM\pw1open.c"
 Parameters:    Size  Location     Type
  period          1    wreg     unsigned char 
 Auto vars:     Size  Location     Type
  period          1    0[BANK0 ] unsigned char 
 Return value:  Size  Location     Type
		None               void
 Registers used:
		wreg, status,2, status,0
 Tracked objects:
		On entry : 
		On exit  : 
		Unchanged: 
 Data sizes:     COMRAM   BANK0   BANK1   BANK2   BANK3   BANK4   BANK5   BANK6   BANK7
      Params:         0       0       0       0       0       0       0       0       0
      Locals:         0       1       0       0       0       0       0       0       0
      Temps:          0       0       0       0       0       0       0       0       0
      Totals:         0       1       0       0       0       0       0       0       0
Total ram usage:        1 bytes
 Hardware stack levels used:    1
 Hardware stack levels required when called:    4
 This function calls:
		Nothing
 This function is called by:
		_main
 This function uses a non-reentrant model


 *************** function _ISR *****************
 Defined at:
		line 97 in file "main.c"
 Parameters:    Size  Location     Type
		None
 Auto vars:     Size  Location     Type
		None
 Return value:  Size  Location     Type
		None               void
 Registers used:
		wreg, fsr1l, fsr1h, fsr2l, fsr2h, status,2, status,0, tblptrl, tblptrh, tblptru, prodl, prodh, cstack
 Tracked objects:
		On entry : 
		On exit  : 
		Unchanged: 
 Data sizes:     COMRAM   BANK0   BANK1   BANK2   BANK3   BANK4   BANK5   BANK6   BANK7
      Params:         0       0       0       0       0       0       0       0       0
      Locals:         0       0       0       0       0       0       0       0       0
      Temps:         14       0       0       0       0       0       0       0       0
      Totals:        14       0       0       0       0       0       0       0       0
Total ram usage:       14 bytes
 Hardware stack levels used:    1
 Hardware stack levels required when called:    3
 This function calls:
		_ReadUSART
		_atoi
		_cleanMessageBuffer
		_itoa
		_putsUSART
		_strncpy
 This function is called by:
		Interrupt level 2
 This function uses a non-reentrant model


 *************** function _strncpy *****************
 Defined at:
		line 8 in file "I:\Programas\Microchip\xc8\v1.33\sources\common\strncpy.c"
 Parameters:    Size  Location     Type
  to              2    0[COMRAM] PTR unsigned char 
		 -> DC_str(5), 
  from            2    2[COMRAM] PTR const unsigned char 
		 -> MessageBuffer(200), 
  size            2    4[COMRAM] unsigned int 
 Auto vars:     Size  Location     Type
  cp              2    6[COMRAM] PTR unsigned char 
		 -> DC_str(5), 
 Return value:  Size  Location     Type
                  2    0[COMRAM] PTR unsigned char 
 Registers used:
		wreg, fsr1l, fsr1h, fsr2l, fsr2h, status,2, status,0
 Tracked objects:
		On entry : 
		On exit  : 
		Unchanged: 
 Data sizes:     COMRAM   BANK0   BANK1   BANK2   BANK3   BANK4   BANK5   BANK6   BANK7
      Params:         6       0       0       0       0       0       0       0       0
      Locals:         2       0       0       0       0       0       0       0       0
      Temps:          0       0       0       0       0       0       0       0       0
      Totals:         8       0       0       0       0       0       0       0       0
Total ram usage:        8 bytes
 Hardware stack levels used:    1
 This function calls:
		Nothing
 This function is called by:
		_ISR
 This function uses a non-reentrant model


 *************** function _putsUSART *****************
 Defined at:
		line 14 in file "I:\Programas\Microchip\xc8\v1.33\sources\pic18\plib\USART\uputs.c"
 Parameters:    Size  Location     Type
  data            2    1[COMRAM] PTR unsigned char 
		 -> STR_7(16), STR_6(27), STR_5(16), STR_4(27), 
		 -> STR_3(16), RAM(2047), STR_2(27), DC_str(5), 
		 -> MessageBuffer(200), 
 Auto vars:     Size  Location     Type
		None
 Return value:  Size  Location     Type
		None               void
 Registers used:
		wreg, fsr1l, fsr1h, status,2, status,0, tblptrl, tblptrh, tblptru, cstack
 Tracked objects:
		On entry : 
		On exit  : 
		Unchanged: 
 Data sizes:     COMRAM   BANK0   BANK1   BANK2   BANK3   BANK4   BANK5   BANK6   BANK7
      Params:         2       0       0       0       0       0       0       0       0
      Locals:         0       0       0       0       0       0       0       0       0
      Temps:          2       0       0       0       0       0       0       0       0
      Totals:         4       0       0       0       0       0       0       0       0
Total ram usage:        4 bytes
 Hardware stack levels used:    1
 Hardware stack levels required when called:    1
 This function calls:
		_WriteUSART
 This function is called by:
		_ISR
 This function uses a non-reentrant model


 *************** function _WriteUSART *****************
 Defined at:
		line 13 in file "I:\Programas\Microchip\xc8\v1.33\sources\pic18\plib\USART\uwrite.c"
 Parameters:    Size  Location     Type
  data            1    wreg     unsigned char 
 Auto vars:     Size  Location     Type
  data            1    0[COMRAM] unsigned char 
 Return value:  Size  Location     Type
		None               void
 Registers used:
		wreg
 Tracked objects:
		On entry : 
		On exit  : 
		Unchanged: 
 Data sizes:     COMRAM   BANK0   BANK1   BANK2   BANK3   BANK4   BANK5   BANK6   BANK7
      Params:         0       0       0       0       0       0       0       0       0
      Locals:         1       0       0       0       0       0       0       0       0
      Temps:          0       0       0       0       0       0       0       0       0
      Totals:         1       0       0       0       0       0       0       0       0
Total ram usage:        1 bytes
 Hardware stack levels used:    1
 This function calls:
		Nothing
 This function is called by:
		_putsUSART
 This function uses a non-reentrant model


 *************** function _itoa *****************
 Defined at:
		line 4 in file "I:\Programas\Microchip\xc8\v1.33\sources\common\itoa.c"
 Parameters:    Size  Location     Type
  buf             2   16[COMRAM] PTR unsigned char 
		 -> DC_str(5), 
  val             2   18[COMRAM] int 
  base            2   20[COMRAM] int 
 Auto vars:     Size  Location     Type
  cp              2   22[COMRAM] PTR unsigned char 
		 -> DC_str(5), 
 Return value:  Size  Location     Type
                  2   16[COMRAM] PTR unsigned char 
 Registers used:
		wreg, fsr2l, fsr2h, status,2, status,0, prodl, cstack
 Tracked objects:
		On entry : 
		On exit  : 
		Unchanged: 
 Data sizes:     COMRAM   BANK0   BANK1   BANK2   BANK3   BANK4   BANK5   BANK6   BANK7
      Params:         6       0       0       0       0       0       0       0       0
      Locals:         2       0       0       0       0       0       0       0       0
      Temps:          0       0       0       0       0       0       0       0       0
      Totals:         8       0       0       0       0       0       0       0       0
Total ram usage:        8 bytes
 Hardware stack levels used:    1
 Hardware stack levels required when called:    2
 This function calls:
		_utoa
 This function is called by:
		_ISR
 This function uses a non-reentrant model


 *************** function _utoa *****************
 Defined at:
		line 17 in file "I:\Programas\Microchip\xc8\v1.33\sources\common\itoa.c"
 Parameters:    Size  Location     Type
  buf             2    7[COMRAM] PTR unsigned char 
		 -> DC_str(5), 
  val             2    9[COMRAM] unsigned int 
  base            2   11[COMRAM] int 
 Auto vars:     Size  Location     Type
  v               2   13[COMRAM] unsigned int 
  c               1   15[COMRAM] unsigned char 
 Return value:  Size  Location     Type
                  2    7[COMRAM] PTR unsigned char 
 Registers used:
		wreg, fsr2l, fsr2h, status,2, status,0, cstack
 Tracked objects:
		On entry : 
		On exit  : 
		Unchanged: 
 Data sizes:     COMRAM   BANK0   BANK1   BANK2   BANK3   BANK4   BANK5   BANK6   BANK7
      Params:         6       0       0       0       0       0       0       0       0
      Locals:         3       0       0       0       0       0       0       0       0
      Temps:          0       0       0       0       0       0       0       0       0
      Totals:         9       0       0       0       0       0       0       0       0
Total ram usage:        9 bytes
 Hardware stack levels used:    1
 Hardware stack levels required when called:    1
 This function calls:
		___lwmod
		i2___lwdiv
 This function is called by:
		_itoa
 This function uses a non-reentrant model


 *************** function i2___lwdiv *****************
 Defined at:
		line 8 in file "I:\Programas\Microchip\xc8\v1.33\sources\common\lwdiv.c"
 Parameters:    Size  Location     Type
  dividend        2    0[COMRAM] unsigned int 
  divisor         2    2[COMRAM] unsigned int 
 Auto vars:     Size  Location     Type
  __lwdiv         2    4[COMRAM] unsigned int 
  __lwdiv         1    6[COMRAM] unsigned char 
 Return value:  Size  Location     Type
                  2    0[COMRAM] unsigned int 
 Registers used:
		wreg, status,2, status,0
 Tracked objects:
		On entry : 
		On exit  : 
		Unchanged: 
 Data sizes:     COMRAM   BANK0   BANK1   BANK2   BANK3   BANK4   BANK5   BANK6   BANK7
      Params:         4       0       0       0       0       0       0       0       0
      Locals:         3       0       0       0       0       0       0       0       0
      Temps:          0       0       0       0       0       0       0       0       0
      Totals:         7       0       0       0       0       0       0       0       0
Total ram usage:        7 bytes
 Hardware stack levels used:    1
 This function calls:
		Nothing
 This function is called by:
		_utoa
 This function uses a non-reentrant model


 *************** function ___lwmod *****************
 Defined at:
		line 8 in file "I:\Programas\Microchip\xc8\v1.33\sources\common\lwmod.c"
 Parameters:    Size  Location     Type
  dividend        2    0[COMRAM] unsigned int 
  divisor         2    2[COMRAM] unsigned int 
 Auto vars:     Size  Location     Type
  counter         1    4[COMRAM] unsigned char 
 Return value:  Size  Location     Type
                  2    0[COMRAM] unsigned int 
 Registers used:
		wreg, status,2, status,0
 Tracked objects:
		On entry : 
		On exit  : 
		Unchanged: 
 Data sizes:     COMRAM   BANK0   BANK1   BANK2   BANK3   BANK4   BANK5   BANK6   BANK7
      Params:         4       0       0       0       0       0       0       0       0
      Locals:         1       0       0       0       0       0       0       0       0
      Temps:          0       0       0       0       0       0       0       0       0
      Totals:         5       0       0       0       0       0       0       0       0
Total ram usage:        5 bytes
 Hardware stack levels used:    1
 This function calls:
		Nothing
 This function is called by:
		_utoa
 This function uses a non-reentrant model


 *************** function _cleanMessageBuffer *****************
 Defined at:
		line 172 in file "main.c"
 Parameters:    Size  Location     Type
		None
 Auto vars:     Size  Location     Type
		None
 Return value:  Size  Location     Type
		None               void
 Registers used:
		wreg, fsr2l, fsr2h, status,2, status,0
 Tracked objects:
		On entry : 
		On exit  : 
		Unchanged: 
 Data sizes:     COMRAM   BANK0   BANK1   BANK2   BANK3   BANK4   BANK5   BANK6   BANK7
      Params:         0       0       0       0       0       0       0       0       0
      Locals:         0       0       0       0       0       0       0       0       0
      Temps:          0       0       0       0       0       0       0       0       0
      Totals:         0       0       0       0       0       0       0       0       0
Total ram usage:        0 bytes
 Hardware stack levels used:    1
 This function calls:
		Nothing
 This function is called by:
		_ISR
 This function uses a non-reentrant model


 *************** function _atoi *****************
 Defined at:
		line 5 in file "I:\Programas\Microchip\xc8\v1.33\sources\common\atoi.c"
 Parameters:    Size  Location     Type
  s               2    6[COMRAM] PTR const unsigned char 
		 -> DC_str(5), 
 Auto vars:     Size  Location     Type
  a               2   11[COMRAM] int 
  sign            1   10[COMRAM] unsigned char 
 Return value:  Size  Location     Type
                  2    6[COMRAM] int 
 Registers used:
		wreg, fsr2l, fsr2h, status,2, status,0, prodl, prodh, cstack
 Tracked objects:
		On entry : 
		On exit  : 
		Unchanged: 
 Data sizes:     COMRAM   BANK0   BANK1   BANK2   BANK3   BANK4   BANK5   BANK6   BANK7
      Params:         2       0       0       0       0       0       0       0       0
      Locals:         3       0       0       0       0       0       0       0       0
      Temps:          2       0       0       0       0       0       0       0       0
      Totals:         7       0       0       0       0       0       0       0       0
Total ram usage:        7 bytes
 Hardware stack levels used:    1
 Hardware stack levels required when called:    1
 This function calls:
		___wmul
		_isdigit
 This function is called by:
		_ISR
 This function uses a non-reentrant model


 *************** function _isdigit *****************
 Defined at:
		line 8 in file "I:\Programas\Microchip\xc8\v1.33\sources\common\isdigit.c"
 Parameters:    Size  Location     Type
  c               1    wreg     unsigned char 
 Auto vars:     Size  Location     Type
  c               1    2[COMRAM] unsigned char 
 Return value:  Size  Location     Type
		None               void
 Registers used:
		wreg, status,2, status,0
 Tracked objects:
		On entry : 
		On exit  : 
		Unchanged: 
 Data sizes:     COMRAM   BANK0   BANK1   BANK2   BANK3   BANK4   BANK5   BANK6   BANK7
      Params:         0       0       0       0       0       0       0       0       0
      Locals:         2       0       0       0       0       0       0       0       0
      Temps:          1       0       0       0       0       0       0       0       0
      Totals:         3       0       0       0       0       0       0       0       0
Total ram usage:        3 bytes
 Hardware stack levels used:    1
 This function calls:
		Nothing
 This function is called by:
		_atoi
 This function uses a non-reentrant model


 *************** function ___wmul *****************
 Defined at:
		line 15 in file "I:\Programas\Microchip\xc8\v1.33\sources\common\Umul16.c"
 Parameters:    Size  Location     Type
  multiplier      2    0[COMRAM] unsigned int 
  multiplicand    2    2[COMRAM] unsigned int 
 Auto vars:     Size  Location     Type
  product         2    4[COMRAM] unsigned int 
 Return value:  Size  Location     Type
                  2    0[COMRAM] unsigned int 
 Registers used:
		wreg, status,2, status,0, prodl, prodh
 Tracked objects:
		On entry : 
		On exit  : 
		Unchanged: 
 Data sizes:     COMRAM   BANK0   BANK1   BANK2   BANK3   BANK4   BANK5   BANK6   BANK7
      Params:         4       0       0       0       0       0       0       0       0
      Locals:         2       0       0       0       0       0       0       0       0
      Temps:          0       0       0       0       0       0       0       0       0
      Totals:         6       0       0       0       0       0       0       0       0
Total ram usage:        6 bytes
 Hardware stack levels used:    1
 This function calls:
		Nothing
 This function is called by:
		_atoi
 This function uses a non-reentrant model


 *************** function _ReadUSART *****************
 Defined at:
		line 15 in file "I:\Programas\Microchip\xc8\v1.33\sources\pic18\plib\USART\uread.c"
 Parameters:    Size  Location     Type
		None
 Auto vars:     Size  Location     Type
  data            1    0[COMRAM] unsigned char 
 Return value:  Size  Location     Type
                  1    wreg      unsigned char 
 Registers used:
		wreg, status,2, status,0
 Tracked objects:
		On entry : 
		On exit  : 
		Unchanged: 
 Data sizes:     COMRAM   BANK0   BANK1   BANK2   BANK3   BANK4   BANK5   BANK6   BANK7
      Params:         0       0       0       0       0       0       0       0       0
      Locals:         1       0       0       0       0       0       0       0       0
      Temps:          0       0       0       0       0       0       0       0       0
      Totals:         1       0       0       0       0       0       0       0       0
Total ram usage:        1 bytes
 Hardware stack levels used:    1
 This function calls:
		Nothing
 This function is called by:
		_ISR
 This function uses a non-reentrant model



MODULE INFORMATION

Module		Function		Class		Link	Load	Size
I:\Programas\Microchip\xc8\v1.33\sources\pic18\plib\USART\uread.c
		_ReadUSART     		CODE           	1422	0000	30

I:\Programas\Microchip\xc8\v1.33\sources\pic18\plib\USART\uread.c estimated size: 30

I:\Programas\Microchip\xc8\v1.33\sources\pic18\plib\USART\uputs.c
		_putsUSART     		CODE           	1204	0000	92

I:\Programas\Microchip\xc8\v1.33\sources\pic18\plib\USART\uputs.c estimated size: 92

lcd_driver.c
		_lcd_write_byte		CODE           	13E2	0000	32
		_lcd_puts      		CODE           	0ED6	0000	146
		_lcd_putnum    		CODE           	1060	0000	116
		_lcd_gotoxy    		CODE           	10D4	0000	116
		_lcd_write_nibb		CODE           	0D70	0000	194
		_lcd_init      		CODE           	0BB6	0000	240

lcd_driver.c estimated size: 844

I:\Programas\Microchip\xc8\v1.33\sources\common\Umul16.c
		___wmul        		CODE           	13BC	0000	38

I:\Programas\Microchip\xc8\v1.33\sources\common\Umul16.c estimated size: 38

I:\Programas\Microchip\xc8\v1.33\sources\common\itoa.c
		_itoa          		CODE           	1260	0000	82
		_utoa          		CODE           	0E32	0000	164

I:\Programas\Microchip\xc8\v1.33\sources\common\itoa.c estimated size: 246

I:\Programas\Microchip\xc8\v1.33\sources\pic18\plib\USART\uwrite.c
		_WriteUSART    		CODE           	1454	0000	18

I:\Programas\Microchip\xc8\v1.33\sources\pic18\plib\USART\uwrite.c estimated size: 18

I:\Programas\Microchip\xc8\v1.33\sources\common\strncpy.c
		_strncpy       		CODE           	11A6	0000	94

I:\Programas\Microchip\xc8\v1.33\sources\common\strncpy.c estimated size: 94

I:\Programas\Microchip\xc8\v1.33\sources\pic18\plib\PWM\pw1open.c
		_OpenPWM1      		CODE           	1440	0000	20

I:\Programas\Microchip\xc8\v1.33\sources\pic18\plib\PWM\pw1open.c estimated size: 20

I:\Programas\Microchip\xc8\v1.33\sources\common\lwmod.c
		___lwmod       		CODE           	134C	0000	66

I:\Programas\Microchip\xc8\v1.33\sources\common\lwmod.c estimated size: 66

shared
		__stringdata   		SMALLCONST     	0805	0000	56
		i2___lwdiv     		CODE           	12B2	0000	82
		__initializatio		CODE           	1148	0000	84
		_LCD_ROW_ADDRES		SMALLCONST     	0801	0000	4

shared estimated size: 226

I:\Programas\Microchip\xc8\v1.33\sources\pic18\plib\USART\uopen.c
		_OpenUSART     		CODE           	0F68	0000	128

I:\Programas\Microchip\xc8\v1.33\sources\pic18\plib\USART\uopen.c estimated size: 128

I:\Programas\Microchip\xc8\v1.33\sources\common\isdigit.c
		_isdigit       		CODE           	1402	0000	32

I:\Programas\Microchip\xc8\v1.33\sources\common\isdigit.c estimated size: 32

main.c
		_ISR           		CODE           	0008	0000	2688
		_main          		CODE           	0A88	0000	302
		_cleanMessageBu		CODE           	138E	0000	46

main.c estimated size: 3036

I:\Programas\Microchip\xc8\v1.33\sources\common\lwdiv.c
		___lwdiv       		CODE           	0FE8	0000	120

I:\Programas\Microchip\xc8\v1.33\sources\common\lwdiv.c estimated size: 120

I:\Programas\Microchip\xc8\v1.33\sources\pic18\plib\PWM\pw1setdc.c
		_SetDCPWM1     		CODE           	1304	0000	72

I:\Programas\Microchip\xc8\v1.33\sources\pic18\plib\PWM\pw1setdc.c estimated size: 72

I:\Programas\Microchip\xc8\v1.33\sources\common\atoi.c
		_atoi          		CODE           	0CA6	0000	202

I:\Programas\Microchip\xc8\v1.33\sources\common\atoi.c estimated size: 202

