Microchip MPLAB XC8 Compiler V1.33 ()

Linker command line:

-W-3 --edf=C:\Program Files (x86)\Microchip\xc8\v1.33\dat\en_msgs.txt -cs \
  -h+dist/default/production\soria.X.production.sym \
  --cmf=dist/default/production\soria.X.production.cmf -z -Q18F4550 \
  -oC:\Users\Martin\AppData\Local\Temp\s898.6 \
  -Mdist/default/production/soria.X.production.map -E1 -ver=XC8 \
  -ASTACK=060h-07ffh -pstack=STACK -ACODE=00h-07FFFh -ACONST=00h-07FFFh \
  -ASMALLCONST=0800h-08FFhx120 -AMEDIUMCONST=0800h-07FFFh -ACOMRAM=01h-05Fh \
  -AABS1=00h-07FFh -ABIGRAM=01h-07FFh -ARAM=060h-0FFh,0100h-01FFhx7 \
  -ABANK0=060h-0FFh -ABANK1=0100h-01FFh -ABANK2=0200h-02FFh \
  -ABANK3=0300h-03FFh -ABANK4=0400h-04FFh -ABANK5=0500h-05FFh \
  -ABANK6=0600h-06FFh -ABANK7=0700h-07FFh -ASFR=0F60h-0FFFh \
  -preset_vec=00h,intcode=08h,intcodelo,powerup,init,end_init \
  -pramtop=0800h -psmallconst=SMALLCONST -pmediumconst=MEDIUMCONST \
  -pconst=CONST -AFARRAM=00h-00h -ACONFIG=0300000h-030000Dh -pconfig=CONFIG \
  -AIDLOC=0200000h-0200007h -pidloc=IDLOC -AEEDATA=0F00000h-0F000FFh \
  -peeprom_data=EEDATA \
  -prdata=COMRAM,nvrram=COMRAM,nvbit=COMRAM,rbss=COMRAM,rbit=COMRAM \
  -pfarbss=FARRAM,fardata=FARRAM,nvFARRAM=FARRAM \
  -pintsave_regs=BIGRAM,bigbss=BIGRAM,bigdata=BIGRAM -pbss=RAM \
  -pidata=CODE,irdata=CODE,ibigdata=CODE,ifardata=CODE \
  C:\Users\Martin\AppData\Local\Temp\s898.obj \
  dist/default/production\soria.X.production.obj 

Object code version is 3.11

Machine type is 18F4550

Call graph: (short form)




                Name                               Link     Load   Length Selector   Space Scale
C:\Users\Martin\AppData\Local\Temp\s898.obj
                end_init                             18       18        4        4       0
                reset_vec                             0        0        4        0       0
                idloc                            200000   200000        8   200000       0
                config                           300000   300000        E   300000       0
dist/default/production\soria.X.production.obj
                intcode                               8        8       10        4       0
                smallconst                          800      800       12      400       0
                text9                               C52      C52       1E      409       0
                text8                               CA0      CA0       12      409       0
                intcode_body                        A8C      A8C       80      409       0
                text6                               B88      B88       68      409       0
                text5                               9F2      9F2       9A      409       0
                text4                               C70      C70       1A      409       0
                text3                               922      922       D0      409       0
                text2                               BF0      BF0       62      409       0
                text1                               B0C      B0C       7C      409       0
                text0                               812      812      110      409       0
                cstackCOMRAM                          1        1       1C        1       1
                bssCOMRAM                            1D       1D        4        1       1
                cinit                               C8A      C8A       16      409       0

TOTAL           Name                               Link     Load   Length     Space
        CLASS   STACK          

        CLASS   CODE           
                end_init                             18       18        4         0
                intcode                               8        8       10         0
                reset_vec                             0        0        4         0
                text9                               C52      C52       1E         0
                text8                               CA0      CA0       12         0
                intcode_body                        A8C      A8C       80         0
                text6                               B88      B88       68         0
                text5                               9F2      9F2       9A         0
                text4                               C70      C70       1A         0
                text3                               922      922       D0         0
                text2                               BF0      BF0       62         0
                text1                               B0C      B0C       7C         0
                text0                               812      812      110         0
                cinit                               C8A      C8A       16         0

        CLASS   CONST          

        CLASS   SMALLCONST     
                smallconst                          800      800       12         0

        CLASS   MEDIUMCONST    

        CLASS   COMRAM         
                cstackCOMRAM                          1        1       1C         1
                bssCOMRAM                            1D       1D        4         1

        CLASS   ABS1           

        CLASS   BIGRAM         

        CLASS   RAM            

        CLASS   BANK0          

        CLASS   BANK1          

        CLASS   BANK2          

        CLASS   BANK3          

        CLASS   BANK4          

        CLASS   BANK5          

        CLASS   BANK6          

        CLASS   BANK7          

        CLASS   SFR            

        CLASS   FARRAM         

        CLASS   CONFIG         
                config                           300000   300000        E         0

        CLASS   IDLOC          
                idloc                            200000   200000        8         0

        CLASS   EEDATA         



SEGMENTS        Name                           Load    Length   Top    Selector   Space  Class

                reset_vec                      000000  000004  000004         0       0  CODE    
                cstackCOMRAM                   000001  000020  000021         1       1  COMRAM  
                intcode                        000008  000014  00001C         4       0  CODE    
                smallconst                     000800  000012  000812       400       0  SMALLCON
                text0                          000812  0004A0  000CB2       409       0  CODE    
                idloc                          200000  000008  200008    200000       0  IDLOC   
                config                         300000  00000E  30000E    300000       0  CONFIG  


UNUSED ADDRESS RANGES

        Name                Unused          Largest block    Delta
        BANK0            000060-0000FF               A0
        BANK1            000100-0001FF              100
        BANK2            000200-0002FF              100
        BANK3            000300-0003FF              100
        BANK4            000400-0004FF              100
        BANK5            000500-0005FF              100
        BANK6            000600-0006FF              100
        BANK7            000700-0007FF              100
        BIGRAM           000021-0007FF              7DF
        CODE             000004-000007                4
                         00001C-0007FF              7E4
                         000CB2-007FFF             734E
        COMRAM           000021-00005F               3F
        CONST            000004-000007                4
                         00001C-0007FF              7E4
                         000CB2-007FFF             734E
        EEDATA           F00000-F000FF              100
        MEDIUMCONST      000CB2-007FFF             734E
        RAM              000060-0007FF              100
        SFR              000F60-000FFF               A0
        SMALLCONST       000CB2-007FFF              100
        STACK            000060-0007FF              7A0

                                  Symbol Table

OpenUSART@config           cstackCOMRAM 000015
OpenUSART@spbrg            cstackCOMRAM 000010
ReadUSART@data             cstackCOMRAM 000001
WriteUSART@data            cstackCOMRAM 000001
_INTCONbits                (abs)        000FF2
_ISR                       intcode      000008
_LATDbits                  (abs)        000F8C
_LCD_ROW_ADDRESS           smallconst   000801
_OpenUSART                 text6        000B88
_PEIE                      (abs)        007F96
_PIE1                      (abs)        000F9D
_PIE1bits                  (abs)        000F9D
_PIR1bits                  (abs)        000F9E
_RCIE                      (abs)        007CED
_RCIF                      (abs)        007CF5
_RCIP                      (abs)        007CFD
_RCREG                     (abs)        000FAE
_RCSTA                     (abs)        000FAB
_RCSTAbits                 (abs)        000FAB
_ReadUSART                 text9        000C52
_SPBRG                     (abs)        000FAF
_SPBRGH                    (abs)        000FB0
_TRISC                     (abs)        000F94
_TRISCbits                 (abs)        000F94
_TRISD                     (abs)        000F95
_TXREG                     (abs)        000FAD
_TXSTA                     (abs)        000FAC
_TXSTAbits                 (abs)        000FAC
_USART_Status              bssCOMRAM    00001D
_WriteUSART                text8        000CA0
__CFG_FOSC$HS              (abs)        000000
__CFG_LVP$OFF              (abs)        000000
__CFG_MCLRE$ON             (abs)        000000
__CFG_WDT$OFF              (abs)        000000
__HRAM                     (abs)        000000
__Habs1                    abs1         000000
__Hbank0                   bank0        000000
__Hbank1                   bank1        000000
__Hbank2                   bank2        000000
__Hbank3                   bank3        000000
__Hbank4                   bank4        000000
__Hbank5                   bank5        000000
__Hbank6                   bank6        000000
__Hbank7                   bank7        000000
__Hbigbss                  bigbss       000000
__Hbigdata                 bigdata      000000
__Hbigram                  bigram       000000
__Hbss                     bss          000000
__HbssCOMRAM               bssCOMRAM    000000
__Hcinit                   cinit        000000
__Hclrtext                 clrtext      000000
__Hcomram                  comram       000000
__Hconfig                  config       30000E
__Hconst                   const        000000
__HcstackCOMRAM            cstackCOMRAM 000000
__Hdata                    data         000000
__Heeprom_data             eeprom_data  000000
__Hend_init                end_init     00001C
__Hfarbss                  farbss       000000
__Hfardata                 fardata      000000
__Hibigdata                ibigdata     000000
__Hidata                   idata        000000
__Hidloc                   idloc        200008
__Hifardata                ifardata     000000
__Hinit                    init         000018
__Hintcode                 intcode      000018
__Hintcode_body            intcode_body 000000
__Hintcodelo               intcodelo    000018
__Hintentry                intentry     000000
__Hintret                  intret       000000
__Hintsave_regs            intsave_regs 000000
__Hirdata                  irdata       000000
__Hmediumconst             mediumconst  000000
__HnvFARRAM                nvFARRAM     000000
__Hnvbit                   nvbit        000000
__Hnvrram                  nvrram       000000
__Hparam                   rparam       000000
__Hpowerup                 powerup      000018
__Hram                     ram          000000
__Hramtop                  ramtop       000800
__Hrbit                    rbit         000000
__Hrbss                    rbss         000000
__Hrdata                   rdata        000000
__Hreset_vec               reset_vec    000004
__Hrparam                  rparam       000000
__Hsfr                     sfr          000000
__Hsmallconst              smallconst   000812
__Hspace_0                 (abs)        30000E
__Hspace_1                 (abs)        000021
__Hspace_2                 (abs)        000000
__Hstack                   stack        000000
__Hstruct                  struct       000000
__Htemp                    temp         000000
__Htext                    text         000000
__Htext0                   text0        000000
__Htext1                   text1        000000
__Htext2                   text2        000000
__Htext3                   text3        000000
__Htext4                   text4        000000
__Htext5                   text5        000000
__Htext6                   text6        000000
__Htext8                   text8        000000
__Htext9                   text9        000000
__LRAM                     (abs)        000001
__Labs1                    abs1         000000
__Lbank0                   bank0        000000
__Lbank1                   bank1        000000
__Lbank2                   bank2        000000
__Lbank3                   bank3        000000
__Lbank4                   bank4        000000
__Lbank5                   bank5        000000
__Lbank6                   bank6        000000
__Lbank7                   bank7        000000
__Lbigbss                  bigbss       000000
__Lbigdata                 bigdata      000000
__Lbigram                  bigram       000000
__Lbss                     bss          000000
__LbssCOMRAM               bssCOMRAM    000000
__Lcinit                   cinit        000000
__Lclrtext                 clrtext      000000
__Lcomram                  comram       000000
__Lconfig                  config       300000
__Lconst                   const        000000
__LcstackCOMRAM            cstackCOMRAM 000000
__Ldata                    data         000000
__Leeprom_data             eeprom_data  000000
__Lend_init                end_init     000018
__Lfarbss                  farbss       000000
__Lfardata                 fardata      000000
__Libigdata                ibigdata     000000
__Lidata                   idata        000000
__Lidloc                   idloc        200000
__Lifardata                ifardata     000000
__Linit                    init         000018
__Lintcode                 intcode      000008
__Lintcode_body            intcode_body 000000
__Lintcodelo               intcodelo    000018
__Lintentry                intentry     000000
__Lintret                  intret       000000
__Lintsave_regs            intsave_regs 000000
__Lirdata                  irdata       000000
__Lmediumconst             mediumconst  000000
__LnvFARRAM                nvFARRAM     000000
__Lnvbit                   nvbit        000000
__Lnvrram                  nvrram       000000
__Lparam                   rparam       000000
__Lpowerup                 powerup      000018
__Lram                     ram          000000
__Lramtop                  ramtop       000800
__Lrbit                    rbit         000000
__Lrbss                    rbss         000000
__Lrdata                   rdata        000000
__Lreset_vec               reset_vec    000000
__Lrparam                  rparam       000000
__Lsfr                     sfr          000000
__Lsmallconst              smallconst   000800
__Lspace_0                 (abs)        000000
__Lspace_1                 (abs)        000000
__Lspace_2                 (abs)        000000
__Lstack                   stack        000000
__Lstruct                  struct       000000
__Ltemp                    temp         000000
__Ltext                    text         000000
__Ltext0                   text0        000000
__Ltext1                   text1        000000
__Ltext2                   text2        000000
__Ltext3                   text3        000000
__Ltext4                   text4        000000
__Ltext5                   text5        000000
__Ltext6                   text6        000000
__Ltext8                   text8        000000
__Ltext9                   text9        000000
__S0                       (abs)        30000E
__S1                       (abs)        000021
__S2                       (abs)        000000
___inthi_sp                stack        000000
___intlo_sp                stack        000000
___sp                      stack        000000
__accesstop                (abs)        000060
__activetblptr             (abs)        000001
__end_of_ISR               intcode_body 000B0C
__end_of_LCD_ROW_ADDRESS   smallconst   000805
__end_of_OpenUSART         text6        000BF0
__end_of_ReadUSART         text9        000C70
__end_of_WriteUSART        text8        000CB2
__end_of__initialization   cinit        000C92
__end_of__stringdata       smallconst   000810
__end_of_lcd_gotoxy        text2        000C52
__end_of_lcd_init          text3        0009F2
__end_of_lcd_puts_const    text1        000B88
__end_of_lcd_write_byte    text4        000C8A
__end_of_lcd_write_nibble  text5        000A8C
__end_of_main              text0        000922
__initialization           cinit        000C8A
__mediumconst              mediumconst  000000
__pbssCOMRAM               bssCOMRAM    00001D
__pcinit                   cinit        000C8A
__pcstackCOMRAM            cstackCOMRAM 000001
__pintcode                 intcode      000008
__pintcode_body            intcode_body 000A8C
__psmallconst              smallconst   000800
__ptext0                   text0        000812
__ptext1                   text1        000B0C
__ptext2                   text2        000BF0
__ptext3                   text3        000922
__ptext4                   text4        000C70
__ptext5                   text5        0009F2
__ptext6                   text6        000B88
__ptext8                   text8        000CA0
__ptext9                   text9        000C52
__ramtop                   ramtop       000800
__size_of_ISR              (abs)        000000
__size_of_OpenUSART        (abs)        000000
__size_of_ReadUSART        (abs)        000000
__size_of_WriteUSART       (abs)        000000
__size_of_lcd_gotoxy       (abs)        000000
__size_of_lcd_init         (abs)        000000
__size_of_lcd_puts_const   (abs)        000000
__size_of_lcd_write_byte   (abs)        000000
__size_of_lcd_write_nibble (abs)        000000
__size_of_main             (abs)        000000
__smallconst               smallconst   000800
__stringdata               smallconst   000805
_c                         bssCOMRAM    00001E
_lcd_gotoxy                text2        000BF0
_lcd_init                  text3        000922
_lcd_puts_const            text1        000B0C
_lcd_write_byte            text4        000C70
_lcd_write_nibble          text5        0009F2
_lcd_x                     bssCOMRAM    00001F
_lcd_y                     bssCOMRAM    000020
_main                      text0        000812
end_of_initialization      cinit        000C92
int_func                   intcode_body 000A8C
intlevel0                  text         000000
intlevel1                  text         000000
intlevel2                  text         000000
intlevel3                  text         000000
lcd_gotoxy@addr            cstackCOMRAM 000016
lcd_gotoxy@x               cstackCOMRAM 000017
lcd_gotoxy@y               cstackCOMRAM 000015
lcd_puts_const@str         cstackCOMRAM 000018
lcd_write_byte@byte        cstackCOMRAM 000014
lcd_write_byte@is_data     cstackCOMRAM 000013
lcd_write_nibble@is_data   cstackCOMRAM 000010
lcd_write_nibble@nibble    cstackCOMRAM 000012
main@config                cstackCOMRAM 00001B
main@spbrg                 cstackCOMRAM 00001C
stackhi                    (abs)        0007FF
stacklo                    (abs)        000060
start                      init         000018
start_initialization       cinit        000C8A


FUNCTION INFORMATION:

 *************** function _main *****************
 Defined at:
		line 22 in file "main.c"
 Parameters:    Size  Location     Type
		None
 Auto vars:     Size  Location     Type
  spbrg           1   27[COMRAM] unsigned char 
  config          1   26[COMRAM] unsigned char 
 Return value:  Size  Location     Type
		None               void
 Registers used:
		wreg, status,2, status,0, tblptrl, tblptrh, tblptru, prodl, prodh, cstack
 Tracked objects:
		On entry : 
		On exit  : 
		Unchanged: 
 Data sizes:     COMRAM   BANK0   BANK1   BANK2   BANK3   BANK4   BANK5   BANK6   BANK7
      Params:         0       0       0       0       0       0       0       0       0
      Locals:         2       0       0       0       0       0       0       0       0
      Temps:          1       0       0       0       0       0       0       0       0
      Totals:         3       0       0       0       0       0       0       0       0
Total ram usage:        3 bytes
 Hardware stack levels required when called:    6
 This function calls:
		_OpenUSART
		_lcd_gotoxy
		_lcd_init
		_lcd_puts_const
		_lcd_write_byte
 This function is called by:
		Startup code after reset
 This function uses a non-reentrant model


 *************** function _lcd_puts_const *****************
 Defined at:
		line 99 in file "lcd_driver.c"
 Parameters:    Size  Location     Type
  str             2   23[COMRAM] PTR const unsigned char 
		 -> STR_1(11), 
 Auto vars:     Size  Location     Type
		None
 Return value:  Size  Location     Type
		None               void
 Registers used:
		wreg, status,2, status,0, tblptrl, tblptrh, tblptru, prodl, prodh, cstack
 Tracked objects:
		On entry : 
		On exit  : 
		Unchanged: 
 Data sizes:     COMRAM   BANK0   BANK1   BANK2   BANK3   BANK4   BANK5   BANK6   BANK7
      Params:         2       0       0       0       0       0       0       0       0
      Locals:         0       0       0       0       0       0       0       0       0
      Temps:          0       0       0       0       0       0       0       0       0
      Totals:         2       0       0       0       0       0       0       0       0
Total ram usage:        2 bytes
 Hardware stack levels used:    1
 Hardware stack levels required when called:    5
 This function calls:
		_lcd_gotoxy
		_lcd_write_byte
 This function is called by:
		_main
 This function uses a non-reentrant model


 *************** function _lcd_gotoxy *****************
 Defined at:
		line 54 in file "lcd_driver.c"
 Parameters:    Size  Location     Type
  x               1    wreg     unsigned char 
  y               1   20[COMRAM] unsigned char 
 Auto vars:     Size  Location     Type
  x               1   22[COMRAM] unsigned char 
  addr            1   21[COMRAM] unsigned char 
 Return value:  Size  Location     Type
		None               void
 Registers used:
		wreg, status,2, status,0, tblptrl, tblptrh, tblptru, prodl, prodh, cstack
 Tracked objects:
		On entry : 
		On exit  : 
		Unchanged: 
 Data sizes:     COMRAM   BANK0   BANK1   BANK2   BANK3   BANK4   BANK5   BANK6   BANK7
      Params:         1       0       0       0       0       0       0       0       0
      Locals:         2       0       0       0       0       0       0       0       0
      Temps:          0       0       0       0       0       0       0       0       0
      Totals:         3       0       0       0       0       0       0       0       0
Total ram usage:        3 bytes
 Hardware stack levels used:    1
 Hardware stack levels required when called:    4
 This function calls:
		_lcd_write_byte
 This function is called by:
		_main
		_lcd_puts_const
		_lcd_putnum
 This function uses a non-reentrant model


 *************** function _lcd_init *****************
 Defined at:
		line 11 in file "lcd_driver.c"
 Parameters:    Size  Location     Type
		None
 Auto vars:     Size  Location     Type
		None
 Return value:  Size  Location     Type
		None               void
 Registers used:
		wreg, status,2, status,0, cstack
 Tracked objects:
		On entry : 
		On exit  : 
		Unchanged: 
 Data sizes:     COMRAM   BANK0   BANK1   BANK2   BANK3   BANK4   BANK5   BANK6   BANK7
      Params:         0       0       0       0       0       0       0       0       0
      Locals:         0       0       0       0       0       0       0       0       0
      Temps:          1       0       0       0       0       0       0       0       0
      Totals:         1       0       0       0       0       0       0       0       0
Total ram usage:        1 bytes
 Hardware stack levels used:    1
 Hardware stack levels required when called:    4
 This function calls:
		_lcd_write_byte
		_lcd_write_nibble
 This function is called by:
		_main
 This function uses a non-reentrant model


 *************** function _lcd_write_byte *****************
 Defined at:
		line 132 in file "lcd_driver.c"
 Parameters:    Size  Location     Type
  byte            1    wreg     unsigned char 
  is_data         1   18[COMRAM] unsigned char 
 Auto vars:     Size  Location     Type
  byte            1   19[COMRAM] unsigned char 
 Return value:  Size  Location     Type
		None               void
 Registers used:
		wreg, status,2, status,0, cstack
 Tracked objects:
		On entry : 
		On exit  : 
		Unchanged: 
 Data sizes:     COMRAM   BANK0   BANK1   BANK2   BANK3   BANK4   BANK5   BANK6   BANK7
      Params:         1       0       0       0       0       0       0       0       0
      Locals:         1       0       0       0       0       0       0       0       0
      Temps:          0       0       0       0       0       0       0       0       0
      Totals:         2       0       0       0       0       0       0       0       0
Total ram usage:        2 bytes
 Hardware stack levels used:    1
 Hardware stack levels required when called:    3
 This function calls:
		_lcd_write_nibble
 This function is called by:
		_main
		_lcd_init
		_lcd_gotoxy
		_lcd_puts_const
		_lcd_putnum
 This function uses a non-reentrant model


 *************** function _lcd_write_nibble *****************
 Defined at:
		line 123 in file "lcd_driver.c"
 Parameters:    Size  Location     Type
  nibble          1    wreg     unsigned char 
  is_data         1   15[COMRAM] unsigned char 
 Auto vars:     Size  Location     Type
  nibble          1   17[COMRAM] unsigned char 
 Return value:  Size  Location     Type
		None               void
 Registers used:
		wreg, status,2, status,0, cstack
 Tracked objects:
		On entry : 
		On exit  : 
		Unchanged: 
 Data sizes:     COMRAM   BANK0   BANK1   BANK2   BANK3   BANK4   BANK5   BANK6   BANK7
      Params:         1       0       0       0       0       0       0       0       0
      Locals:         1       0       0       0       0       0       0       0       0
      Temps:          1       0       0       0       0       0       0       0       0
      Totals:         3       0       0       0       0       0       0       0       0
Total ram usage:        3 bytes
 Hardware stack levels used:    1
 Hardware stack levels required when called:    2
 This function calls:
		Nothing
 This function is called by:
		_lcd_init
		_lcd_write_byte
 This function uses a non-reentrant model


 *************** function _OpenUSART *****************
 Defined at:
		line 73 in file "C:\Program Files (x86)\Microchip\xc8\v1.33\sources\pic18\plib\USART\uopen.c"
 Parameters:    Size  Location     Type
  config          1    wreg     unsigned char 
  spbrg           2   15[COMRAM] unsigned int 
 Auto vars:     Size  Location     Type
  config          1   20[COMRAM] unsigned char 
 Return value:  Size  Location     Type
		None               void
 Registers used:
		wreg, status,2
 Tracked objects:
		On entry : 
		On exit  : 
		Unchanged: 
 Data sizes:     COMRAM   BANK0   BANK1   BANK2   BANK3   BANK4   BANK5   BANK6   BANK7
      Params:         2       0       0       0       0       0       0       0       0
      Locals:         1       0       0       0       0       0       0       0       0
      Temps:          3       0       0       0       0       0       0       0       0
      Totals:         6       0       0       0       0       0       0       0       0
Total ram usage:        6 bytes
 Hardware stack levels used:    1
 Hardware stack levels required when called:    2
 This function calls:
		Nothing
 This function is called by:
		_main
 This function uses a non-reentrant model


 *************** function _ISR *****************
 Defined at:
		line 68 in file "main.c"
 Parameters:    Size  Location     Type
		None
 Auto vars:     Size  Location     Type
		None
 Return value:  Size  Location     Type
		None               void
 Registers used:
		wreg, status,2, status,0, cstack
 Tracked objects:
		On entry : 
		On exit  : 
		Unchanged: 
 Data sizes:     COMRAM   BANK0   BANK1   BANK2   BANK3   BANK4   BANK5   BANK6   BANK7
      Params:         0       0       0       0       0       0       0       0       0
      Locals:         0       0       0       0       0       0       0       0       0
      Temps:         14       0       0       0       0       0       0       0       0
      Totals:        14       0       0       0       0       0       0       0       0
Total ram usage:       14 bytes
 Hardware stack levels used:    1
 Hardware stack levels required when called:    1
 This function calls:
		_ReadUSART
		_WriteUSART
 This function is called by:
		Interrupt level 2
 This function uses a non-reentrant model


 *************** function _WriteUSART *****************
 Defined at:
		line 13 in file "C:\Program Files (x86)\Microchip\xc8\v1.33\sources\pic18\plib\USART\uwrite.c"
 Parameters:    Size  Location     Type
  data            1    wreg     unsigned char 
 Auto vars:     Size  Location     Type
  data            1    0[COMRAM] unsigned char 
 Return value:  Size  Location     Type
		None               void
 Registers used:
		wreg
 Tracked objects:
		On entry : 
		On exit  : 
		Unchanged: 
 Data sizes:     COMRAM   BANK0   BANK1   BANK2   BANK3   BANK4   BANK5   BANK6   BANK7
      Params:         0       0       0       0       0       0       0       0       0
      Locals:         1       0       0       0       0       0       0       0       0
      Temps:          0       0       0       0       0       0       0       0       0
      Totals:         1       0       0       0       0       0       0       0       0
Total ram usage:        1 bytes
 Hardware stack levels used:    1
 This function calls:
		Nothing
 This function is called by:
		_ISR
 This function uses a non-reentrant model


 *************** function _ReadUSART *****************
 Defined at:
		line 15 in file "C:\Program Files (x86)\Microchip\xc8\v1.33\sources\pic18\plib\USART\uread.c"
 Parameters:    Size  Location     Type
		None
 Auto vars:     Size  Location     Type
  data            1    0[COMRAM] unsigned char 
 Return value:  Size  Location     Type
                  1    wreg      unsigned char 
 Registers used:
		wreg, status,2, status,0
 Tracked objects:
		On entry : 
		On exit  : 
		Unchanged: 
 Data sizes:     COMRAM   BANK0   BANK1   BANK2   BANK3   BANK4   BANK5   BANK6   BANK7
      Params:         0       0       0       0       0       0       0       0       0
      Locals:         1       0       0       0       0       0       0       0       0
      Temps:          0       0       0       0       0       0       0       0       0
      Totals:         1       0       0       0       0       0       0       0       0
Total ram usage:        1 bytes
 Hardware stack levels used:    1
 This function calls:
		Nothing
 This function is called by:
		_ISR
 This function uses a non-reentrant model



MODULE INFORMATION

Module		Function		Class		Link	Load	Size
lcd_driver.c
		_lcd_write_byte		CODE           	0C70	0000	26
		_lcd_puts_const		CODE           	0B0C	0000	124
		_lcd_gotoxy    		CODE           	0BF0	0000	98
		_lcd_write_nibb		CODE           	09F2	0000	154
		_lcd_init      		CODE           	0922	0000	208

lcd_driver.c estimated size: 610

C:\Program Files (x86)\Microchip\xc8\v1.33\sources\pic18\plib\USART\uopen.c
		_OpenUSART     		CODE           	0B88	0000	104

C:\Program Files (x86)\Microchip\xc8\v1.33\sources\pic18\plib\USART\uopen.c estimated size: 104

C:\Program Files (x86)\Microchip\xc8\v1.33\sources\pic18\plib\USART\uwrite.c
		_WriteUSART    		CODE           	0CA0	0000	18

C:\Program Files (x86)\Microchip\xc8\v1.33\sources\pic18\plib\USART\uwrite.c estimated size: 18

shared
		__stringdata   		SMALLCONST     	0805	0000	11
		__initializatio		CODE           	0C8A	0000	8
		_LCD_ROW_ADDRES		SMALLCONST     	0801	0000	4

shared estimated size: 23

C:\Program Files (x86)\Microchip\xc8\v1.33\sources\pic18\plib\USART\uread.c
		_ReadUSART     		CODE           	0C52	0000	30

C:\Program Files (x86)\Microchip\xc8\v1.33\sources\pic18\plib\USART\uread.c estimated size: 30

main.c
		_ISR           		CODE           	0008	0000	2820
		_main          		CODE           	0812	0000	272

main.c estimated size: 3092

